

ERROR in line 2 and column 2: Syntax error



ERROR in line 2 and column 2: Couldn't repair and continue parse

Exception processing file: Can't recover from previous error(s)
