StmtList ::= 
Type ::= INT
LiteralExpr ::= INTEGER
CallExpr ::= LiteralExpr
UnaryExpr ::= CallExpr
Expr ::= UnaryExpr
Stmt ::= Type ID GETS Expr SEMI
StmtList ::= StmtList Stmt
Type ::= INT
LiteralExpr ::= INTEGER
CallExpr ::= LiteralExpr
UnaryExpr ::= CallExpr
Expr ::= UnaryExpr
Stmt ::= Type ID GETS Expr SEMI
StmtList ::= StmtList Stmt
Type ::= ID
CallExpr ::= NEW ID LPAREN RPAREN
UnaryExpr ::= CallExpr
Expr ::= UnaryExpr
Stmt ::= Type ID GETS Expr SEMI
StmtList ::= StmtList Stmt
LiteralExpr ::= ID
CallExpr ::= LiteralExpr
LiteralExpr ::= ID
CallExpr ::= LiteralExpr
UnaryExpr ::= CallExpr
Expr ::= UnaryExpr
ExprList ::= Expr
LiteralExpr ::= ID
CallExpr ::= LiteralExpr
UnaryExpr ::= CallExpr
Expr ::= UnaryExpr
ExprList ::= ExprList COMMA Expr
OptExprList ::= ExprList
CallExpr ::= CallExpr DOT ID LPAREN OptExprList RPAREN
UnaryExpr ::= CallExpr
Expr ::= UnaryExpr
StmtList ::= 
LiteralExpr ::= ID
CallExpr ::= LiteralExpr
UnaryExpr ::= CallExpr
Expr ::= UnaryExpr
LiteralExpr ::= ID
CallExpr ::= LiteralExpr
UnaryExpr ::= CallExpr
Expr ::= UnaryExpr
Expr ::= Expr PLUS Expr
Stmt ::= SYSTEMOUTPRINTLN LPAREN Expr RPAREN SEMI
StmtList ::= StmtList Stmt
LiteralExpr ::= ID
CallExpr ::= LiteralExpr
UnaryExpr ::= CallExpr
Expr ::= UnaryExpr
LiteralExpr ::= ID
CallExpr ::= LiteralExpr
UnaryExpr ::= CallExpr
Expr ::= UnaryExpr
Expr ::= Expr MINUS Expr
Stmt ::= SYSTEMOUTPRINTLN LPAREN Expr RPAREN SEMI
StmtList ::= StmtList Stmt
Stmt ::= LBRACE StmtList RBRACE
StmtList ::= 
LiteralExpr ::= ID
CallExpr ::= LiteralExpr
UnaryExpr ::= CallExpr
Expr ::= UnaryExpr
LiteralExpr ::= ID
CallExpr ::= LiteralExpr
UnaryExpr ::= CallExpr
Expr ::= UnaryExpr
Expr ::= Expr TIMES Expr
Stmt ::= SYSTEMOUTPRINTLN LPAREN Expr RPAREN SEMI
StmtList ::= StmtList Stmt
LiteralExpr ::= ID
CallExpr ::= LiteralExpr
UnaryExpr ::= CallExpr
Expr ::= UnaryExpr
LiteralExpr ::= NULL
CallExpr ::= LiteralExpr
UnaryExpr ::= CallExpr
Expr ::= UnaryExpr
Expr ::= Expr NE Expr
LiteralExpr ::= INTEGER
CallExpr ::= LiteralExpr
UnaryExpr ::= CallExpr
Expr ::= UnaryExpr
Stmt ::= SYSTEMOUTPRINTLN LPAREN Expr RPAREN SEMI
Stmt ::= WHILE LPAREN Expr RPAREN Stmt
StmtList ::= StmtList Stmt
Stmt ::= LBRACE StmtList RBRACE
Stmt ::= IF LPAREN Expr RPAREN Stmt ELSE Stmt
StmtList ::= StmtList Stmt
Type ::= INT
LiteralExpr ::= INTEGER
CallExpr ::= LiteralExpr
UnaryExpr ::= CallExpr
UnaryExpr ::= MINUS UnaryExpr
Expr ::= UnaryExpr
Stmt ::= Type ID GETS Expr SEMI
StmtList ::= StmtList Stmt
LiteralExpr ::= ID
CallExpr ::= LiteralExpr
UnaryExpr ::= CallExpr
Expr ::= UnaryExpr
LiteralExpr ::= ID
CallExpr ::= LiteralExpr
UnaryExpr ::= CallExpr
Expr ::= UnaryExpr
Expr ::= Expr LT Expr
LiteralExpr ::= ID
CallExpr ::= LiteralExpr
UnaryExpr ::= CallExpr
Expr ::= UnaryExpr
LiteralExpr ::= ID
CallExpr ::= LiteralExpr
UnaryExpr ::= CallExpr
Expr ::= UnaryExpr
Expr ::= Expr PLUS Expr
LiteralExpr ::= ID
CallExpr ::= LiteralExpr
UnaryExpr ::= CallExpr
Expr ::= UnaryExpr
Expr ::= Expr PLUS Expr
Stmt ::= SYSTEMOUTPRINTLN LPAREN Expr RPAREN SEMI
LiteralExpr ::= ID
CallExpr ::= LiteralExpr
UnaryExpr ::= CallExpr
Expr ::= UnaryExpr
LiteralExpr ::= ID
CallExpr ::= LiteralExpr
UnaryExpr ::= CallExpr
Expr ::= UnaryExpr
Expr ::= Expr MINUS Expr
LiteralExpr ::= ID
CallExpr ::= LiteralExpr
UnaryExpr ::= CallExpr
Expr ::= UnaryExpr
Expr ::= Expr MINUS Expr
Stmt ::= SYSTEMOUTPRINTLN LPAREN Expr RPAREN SEMI
Stmt ::= IF LPAREN Expr RPAREN Stmt ELSE Stmt
StmtList ::= StmtList Stmt
Type ::= INT
LiteralExpr ::= INTEGER
CallExpr ::= LiteralExpr
UnaryExpr ::= CallExpr
Expr ::= UnaryExpr
Stmt ::= Type ID GETS Expr SEMI
StmtList ::= StmtList Stmt
Type ::= INT
LiteralExpr ::= INTEGER
CallExpr ::= LiteralExpr
UnaryExpr ::= CallExpr
Expr ::= UnaryExpr
Stmt ::= Type ID GETS Expr SEMI
StmtList ::= StmtList Stmt
Type ::= INT
LiteralExpr ::= INTEGER
CallExpr ::= LiteralExpr
UnaryExpr ::= CallExpr
Expr ::= UnaryExpr
Stmt ::= Type ID GETS Expr SEMI
StmtList ::= StmtList Stmt
Type ::= INT
LiteralExpr ::= INTEGER
CallExpr ::= LiteralExpr
UnaryExpr ::= CallExpr
Expr ::= UnaryExpr
Stmt ::= Type ID GETS Expr SEMI
StmtList ::= StmtList Stmt
Type ::= INT
LiteralExpr ::= INTEGER
CallExpr ::= LiteralExpr
UnaryExpr ::= CallExpr
Expr ::= UnaryExpr
Stmt ::= Type ID GETS Expr SEMI
StmtList ::= StmtList Stmt
Type ::= INT
LiteralExpr ::= INTEGER
CallExpr ::= LiteralExpr
UnaryExpr ::= CallExpr
Expr ::= UnaryExpr
Stmt ::= Type ID GETS Expr SEMI
StmtList ::= StmtList Stmt
Type ::= INT
LiteralExpr ::= INTEGER
CallExpr ::= LiteralExpr
UnaryExpr ::= CallExpr
Expr ::= UnaryExpr
Stmt ::= Type ID GETS Expr SEMI
StmtList ::= StmtList Stmt
LiteralExpr ::= ID
CallExpr ::= LiteralExpr
UnaryExpr ::= CallExpr
Expr ::= UnaryExpr
LiteralExpr ::= ID
CallExpr ::= LiteralExpr
UnaryExpr ::= CallExpr
Expr ::= UnaryExpr
Expr ::= Expr PLUS Expr
LiteralExpr ::= ID
CallExpr ::= LiteralExpr
UnaryExpr ::= CallExpr
Expr ::= UnaryExpr
Expr ::= Expr PLUS Expr
LiteralExpr ::= ID
CallExpr ::= LiteralExpr
UnaryExpr ::= CallExpr
Expr ::= UnaryExpr
Expr ::= Expr PLUS Expr
LiteralExpr ::= ID
CallExpr ::= LiteralExpr
UnaryExpr ::= CallExpr
Expr ::= UnaryExpr
Expr ::= Expr PLUS Expr
LiteralExpr ::= ID
CallExpr ::= LiteralExpr
UnaryExpr ::= CallExpr
Expr ::= UnaryExpr
Expr ::= Expr PLUS Expr
LiteralExpr ::= ID
CallExpr ::= LiteralExpr
UnaryExpr ::= CallExpr
Expr ::= UnaryExpr
Expr ::= Expr PLUS Expr
LiteralExpr ::= ID
CallExpr ::= LiteralExpr
UnaryExpr ::= CallExpr
Expr ::= UnaryExpr
Expr ::= Expr PLUS Expr
LiteralExpr ::= ID
CallExpr ::= LiteralExpr
UnaryExpr ::= CallExpr
Expr ::= UnaryExpr
Expr ::= Expr PLUS Expr
LiteralExpr ::= ID
CallExpr ::= LiteralExpr
UnaryExpr ::= CallExpr
Expr ::= UnaryExpr
Expr ::= Expr PLUS Expr
Stmt ::= SYSTEMOUTPRINTLN LPAREN Expr RPAREN SEMI
StmtList ::= StmtList Stmt
MainClassDecl ::= ...
ClassDeclList ::= 
OptExtends ::= 
ClassVarDeclList ::= 
MethodDeclList ::= 
Type ::= BOOLEAN
Type ::= INT
Formal ::= Type ID
FormalList ::= Formal
Type ::= INT
Formal ::= Type ID
FormalList ::= FormalList COMMA Formal
OptFormalList ::= FormalList
StmtList ::= 
Type ::= BOOLEAN
LiteralExpr ::= FALSE
CallExpr ::= LiteralExpr
UnaryExpr ::= CallExpr
Expr ::= UnaryExpr
Stmt ::= Type ID GETS Expr SEMI
StmtList ::= StmtList Stmt
LiteralExpr ::= ID
CallExpr ::= LiteralExpr
UnaryExpr ::= CallExpr
Expr ::= UnaryExpr
LiteralExpr ::= ID
CallExpr ::= LiteralExpr
UnaryExpr ::= CallExpr
Expr ::= UnaryExpr
Expr ::= Expr EQ Expr
LiteralExpr ::= FALSE
CallExpr ::= LiteralExpr
UnaryExpr ::= CallExpr
Expr ::= UnaryExpr
Stmt ::= ID GETS Expr SEMI
StmtList ::= 
Type ::= INT
LiteralExpr ::= ID
CallExpr ::= LiteralExpr
UnaryExpr ::= CallExpr
Expr ::= UnaryExpr
Stmt ::= Type ID GETS Expr SEMI
StmtList ::= StmtList Stmt
LiteralExpr ::= ID
CallExpr ::= LiteralExpr
UnaryExpr ::= CallExpr
Expr ::= UnaryExpr
Stmt ::= ID GETS Expr SEMI
StmtList ::= StmtList Stmt
LiteralExpr ::= ID
CallExpr ::= LiteralExpr
UnaryExpr ::= CallExpr
Expr ::= UnaryExpr
Stmt ::= ID GETS Expr SEMI
StmtList ::= StmtList Stmt
LiteralExpr ::= TRUE
CallExpr ::= LiteralExpr
UnaryExpr ::= CallExpr
Expr ::= UnaryExpr
Stmt ::= ID GETS Expr SEMI
StmtList ::= StmtList Stmt
Stmt ::= LBRACE StmtList RBRACE
Stmt ::= IF LPAREN Expr RPAREN Stmt ELSE Stmt
StmtList ::= StmtList Stmt
LiteralExpr ::= ID
CallExpr ::= LiteralExpr
UnaryExpr ::= CallExpr
Expr ::= UnaryExpr
MethodDecl ::= ... 
MethodDeclList ::= MethodDeclList MethodDecl
ClassDecl ::= ...
ClassDeclList ::= ClassDeclList ClassDecl
Program ::= MainClassDecl ClassDeclList
