StmtList ::= 
LiteralExpr ::= THIS
CallExpr ::= LiteralExpr
UnaryExpr ::= CallExpr
Expr ::= UnaryExpr
StmtList ::= 
LiteralExpr ::= INTEGER
CallExpr ::= LiteralExpr
UnaryExpr ::= CallExpr
Expr ::= UnaryExpr


ERROR in line 4 and column 20: Syntax error

Error recovery to next semicolon.
StmtList ::= StmtList Stmt
Stmt ::= LBRACE StmtList RBRACE
Stmt ::= WHILE LPAREN Expr RPAREN Stmt
StmtList ::= StmtList Stmt


ERROR in line 16 and column 1: Syntax error



ERROR in line 16 and column 1: Couldn't repair and continue parse

Exception processing file: Can't recover from previous error(s)
