StmtList ::= 
Type ::= BOOLEAN
LiteralExpr ::= TRUE
CallExpr ::= LiteralExpr
UnaryExpr ::= CallExpr
Expr ::= UnaryExpr
Stmt ::= Type ID GETS Expr SEMI
StmtList ::= StmtList Stmt
Type ::= BOOLEAN
LiteralExpr ::= FALSE
CallExpr ::= LiteralExpr
UnaryExpr ::= CallExpr
Expr ::= UnaryExpr
Stmt ::= Type ID GETS Expr SEMI
StmtList ::= StmtList Stmt
Unmatched character '&' at line 7 and column 17


ERROR in line 7 and column 19: Syntax error

Error recovery to next semicolon.
StmtList ::= StmtList Stmt
LiteralExpr ::= INTEGER
CallExpr ::= LiteralExpr
UnaryExpr ::= CallExpr
Expr ::= UnaryExpr
Stmt ::= ID GETS Expr SEMI
StmtList ::= StmtList Stmt
LiteralExpr ::= ID
CallExpr ::= LiteralExpr
UnaryExpr ::= CallExpr
Expr ::= UnaryExpr


ERROR in line 14 and column 18: Syntax error



ERROR in line 27 and column 3: Couldn't repair and continue parse

Exception processing file: Can't recover from previous error(s)
