StmtList ::= 
Type ::= INT
LiteralExpr ::= INTEGER
CallExpr ::= LiteralExpr
UnaryExpr ::= CallExpr
UnaryExpr ::= MINUS UnaryExpr
UnaryExpr ::= MINUS UnaryExpr
UnaryExpr ::= MINUS UnaryExpr
UnaryExpr ::= MINUS UnaryExpr
UnaryExpr ::= MINUS UnaryExpr
UnaryExpr ::= MINUS UnaryExpr
UnaryExpr ::= MINUS UnaryExpr
UnaryExpr ::= MINUS UnaryExpr
UnaryExpr ::= MINUS UnaryExpr
UnaryExpr ::= MINUS UnaryExpr
UnaryExpr ::= MINUS UnaryExpr
UnaryExpr ::= MINUS UnaryExpr
UnaryExpr ::= MINUS UnaryExpr
UnaryExpr ::= MINUS UnaryExpr
UnaryExpr ::= MINUS UnaryExpr
UnaryExpr ::= MINUS UnaryExpr
UnaryExpr ::= MINUS UnaryExpr
UnaryExpr ::= MINUS UnaryExpr
UnaryExpr ::= MINUS UnaryExpr
UnaryExpr ::= MINUS UnaryExpr
UnaryExpr ::= MINUS UnaryExpr
UnaryExpr ::= MINUS UnaryExpr
UnaryExpr ::= MINUS UnaryExpr
UnaryExpr ::= MINUS UnaryExpr
UnaryExpr ::= MINUS UnaryExpr
UnaryExpr ::= MINUS UnaryExpr
UnaryExpr ::= MINUS UnaryExpr
UnaryExpr ::= MINUS UnaryExpr
UnaryExpr ::= MINUS UnaryExpr
UnaryExpr ::= MINUS UnaryExpr
UnaryExpr ::= MINUS UnaryExpr
UnaryExpr ::= MINUS UnaryExpr
UnaryExpr ::= MINUS UnaryExpr
UnaryExpr ::= MINUS UnaryExpr
UnaryExpr ::= MINUS UnaryExpr
UnaryExpr ::= MINUS UnaryExpr
UnaryExpr ::= MINUS UnaryExpr
UnaryExpr ::= MINUS UnaryExpr
UnaryExpr ::= MINUS UnaryExpr
UnaryExpr ::= MINUS UnaryExpr
UnaryExpr ::= MINUS UnaryExpr
UnaryExpr ::= MINUS UnaryExpr
UnaryExpr ::= MINUS UnaryExpr
UnaryExpr ::= MINUS UnaryExpr
UnaryExpr ::= MINUS UnaryExpr
UnaryExpr ::= MINUS UnaryExpr
UnaryExpr ::= MINUS UnaryExpr
UnaryExpr ::= MINUS UnaryExpr
Expr ::= UnaryExpr
LiteralExpr ::= INTEGER
CallExpr ::= LiteralExpr
UnaryExpr ::= CallExpr
Expr ::= UnaryExpr
Expr ::= Expr PLUS Expr
LiteralExpr ::= INTEGER
CallExpr ::= LiteralExpr
UnaryExpr ::= CallExpr
Expr ::= UnaryExpr
Expr ::= Expr PLUS Expr
LiteralExpr ::= INTEGER
CallExpr ::= LiteralExpr
UnaryExpr ::= CallExpr
UnaryExpr ::= MINUS UnaryExpr
Expr ::= UnaryExpr
Expr ::= Expr PLUS Expr
LiteralExpr ::= INTEGER
CallExpr ::= LiteralExpr
UnaryExpr ::= CallExpr
Expr ::= UnaryExpr
LiteralExpr ::= INTEGER
CallExpr ::= LiteralExpr
UnaryExpr ::= CallExpr
Expr ::= UnaryExpr
Expr ::= Expr DIVIDE Expr
LiteralExpr ::= INTEGER
CallExpr ::= LiteralExpr
UnaryExpr ::= CallExpr
Expr ::= UnaryExpr
Expr ::= Expr TIMES Expr
Expr ::= Expr PLUS Expr
LiteralExpr ::= INTEGER
CallExpr ::= LiteralExpr
UnaryExpr ::= CallExpr
Expr ::= UnaryExpr
LiteralExpr ::= INTEGER
CallExpr ::= LiteralExpr
UnaryExpr ::= CallExpr
Expr ::= UnaryExpr
LiteralExpr ::= INTEGER
CallExpr ::= LiteralExpr
UnaryExpr ::= CallExpr
Expr ::= UnaryExpr
Expr ::= Expr TIMES Expr
LiteralExpr ::= INTEGER
CallExpr ::= LiteralExpr
UnaryExpr ::= CallExpr
Expr ::= UnaryExpr
LiteralExpr ::= INTEGER
CallExpr ::= LiteralExpr
UnaryExpr ::= CallExpr
Expr ::= UnaryExpr
Expr ::= Expr TIMES Expr
Expr ::= Expr PLUS Expr
ParenExpr	::=	LPAREN Expr RPAREN
LiteralExpr ::= ParenExpr
CallExpr ::= LiteralExpr
UnaryExpr ::= CallExpr
Expr ::= UnaryExpr
Expr ::= Expr TIMES Expr
Expr ::= Expr MINUS Expr
Stmt ::= Type ID GETS Expr SEMI
StmtList ::= StmtList Stmt
Type ::= BOOLEAN
LiteralExpr ::= ID
CallExpr ::= LiteralExpr
UnaryExpr ::= CallExpr
Expr ::= UnaryExpr
LiteralExpr ::= INTEGER
CallExpr ::= LiteralExpr
UnaryExpr ::= CallExpr
Expr ::= UnaryExpr
Expr ::= Expr LTE Expr
LiteralExpr ::= INTEGER
CallExpr ::= LiteralExpr
UnaryExpr ::= CallExpr
Expr ::= UnaryExpr
LiteralExpr ::= INTEGER
CallExpr ::= LiteralExpr
UnaryExpr ::= CallExpr
Expr ::= UnaryExpr
Expr ::= Expr LT Expr
LiteralExpr ::= ID
CallExpr ::= LiteralExpr
UnaryExpr ::= CallExpr
Expr ::= UnaryExpr
LiteralExpr ::= ID
CallExpr ::= LiteralExpr
UnaryExpr ::= CallExpr
Expr ::= UnaryExpr
Expr ::= Expr GTE Expr
Expr ::= Expr AND Expr
Expr ::= Expr OR Expr
ParenExpr	::=	LPAREN Expr RPAREN
LiteralExpr ::= ParenExpr
CallExpr ::= LiteralExpr
UnaryExpr ::= CallExpr
UnaryExpr ::= NOT UnaryExpr
UnaryExpr ::= NOT UnaryExpr
UnaryExpr ::= NOT UnaryExpr
UnaryExpr ::= NOT UnaryExpr
UnaryExpr ::= NOT UnaryExpr
UnaryExpr ::= NOT UnaryExpr
UnaryExpr ::= NOT UnaryExpr
UnaryExpr ::= NOT UnaryExpr
UnaryExpr ::= NOT UnaryExpr
UnaryExpr ::= NOT UnaryExpr
UnaryExpr ::= NOT UnaryExpr
UnaryExpr ::= NOT UnaryExpr
UnaryExpr ::= NOT UnaryExpr
UnaryExpr ::= NOT UnaryExpr
UnaryExpr ::= NOT UnaryExpr
UnaryExpr ::= NOT UnaryExpr
UnaryExpr ::= NOT UnaryExpr
UnaryExpr ::= NOT UnaryExpr
UnaryExpr ::= NOT UnaryExpr
UnaryExpr ::= NOT UnaryExpr
UnaryExpr ::= NOT UnaryExpr
UnaryExpr ::= NOT UnaryExpr
UnaryExpr ::= NOT UnaryExpr
UnaryExpr ::= NOT UnaryExpr
UnaryExpr ::= NOT UnaryExpr
UnaryExpr ::= NOT UnaryExpr
UnaryExpr ::= NOT UnaryExpr
UnaryExpr ::= NOT UnaryExpr
UnaryExpr ::= NOT UnaryExpr
Expr ::= UnaryExpr
Stmt ::= Type ID GETS Expr SEMI
StmtList ::= StmtList Stmt
MainClassDecl ::= ...
ClassDeclList ::= 
Program ::= MainClassDecl ClassDeclList
