

ERROR in line 3 and column 3: Syntax error



ERROR in line 3 and column 3: Couldn't repair and continue parse

Exception processing file: Can't recover from previous error(s)
