StmtList ::= 
Type ::= INT
LiteralExpr ::= INTEGER
CallExpr ::= LiteralExpr
UnaryExpr ::= CallExpr
Expr ::= UnaryExpr
Stmt ::= Type ID GETS Expr SEMI
StmtList ::= StmtList Stmt
Type ::= INT
LiteralExpr ::= INTEGER
CallExpr ::= LiteralExpr
UnaryExpr ::= CallExpr
Expr ::= UnaryExpr
Stmt ::= Type ID GETS Expr SEMI
StmtList ::= StmtList Stmt
Type ::= INT
LiteralExpr ::= INTEGER
CallExpr ::= LiteralExpr
UnaryExpr ::= CallExpr
Expr ::= UnaryExpr
Stmt ::= Type ID GETS Expr SEMI
StmtList ::= StmtList Stmt
Type ::= BOOLEAN
LiteralExpr ::= TRUE
CallExpr ::= LiteralExpr
UnaryExpr ::= CallExpr
Expr ::= UnaryExpr
Stmt ::= Type ID GETS Expr SEMI
StmtList ::= StmtList Stmt
Type ::= BOOLEAN
LiteralExpr ::= FALSE
CallExpr ::= LiteralExpr
UnaryExpr ::= CallExpr
Expr ::= UnaryExpr
Stmt ::= Type ID GETS Expr SEMI
StmtList ::= StmtList Stmt
Type ::= BOOLEAN
LiteralExpr ::= TRUE
CallExpr ::= LiteralExpr
UnaryExpr ::= CallExpr
Expr ::= UnaryExpr
LiteralExpr ::= FALSE
CallExpr ::= LiteralExpr
UnaryExpr ::= CallExpr
Expr ::= UnaryExpr
Expr ::= Expr EQ Expr
Stmt ::= Type ID GETS Expr SEMI
StmtList ::= StmtList Stmt
Type ::= BOOLEAN
LiteralExpr ::= FALSE
CallExpr ::= LiteralExpr
UnaryExpr ::= CallExpr
Expr ::= UnaryExpr
LiteralExpr ::= TRUE
CallExpr ::= LiteralExpr
UnaryExpr ::= CallExpr
Expr ::= UnaryExpr
Expr ::= Expr EQ Expr
Stmt ::= Type ID GETS Expr SEMI
StmtList ::= StmtList Stmt
Type ::= BOOLEAN
LiteralExpr ::= TRUE
CallExpr ::= LiteralExpr
UnaryExpr ::= CallExpr
Expr ::= UnaryExpr
LiteralExpr ::= TRUE
CallExpr ::= LiteralExpr
UnaryExpr ::= CallExpr
Expr ::= UnaryExpr
Expr ::= Expr EQ Expr
Stmt ::= Type ID GETS Expr SEMI
StmtList ::= StmtList Stmt
Type ::= BOOLEAN
LiteralExpr ::= FALSE
CallExpr ::= LiteralExpr
UnaryExpr ::= CallExpr
Expr ::= UnaryExpr
LiteralExpr ::= FALSE
CallExpr ::= LiteralExpr
UnaryExpr ::= CallExpr
Expr ::= UnaryExpr
Expr ::= Expr EQ Expr
Stmt ::= Type ID GETS Expr SEMI
StmtList ::= StmtList Stmt
LiteralExpr ::= ID
CallExpr ::= LiteralExpr
UnaryExpr ::= CallExpr
Expr ::= UnaryExpr
Stmt ::= SYSTEMOUTPRINTLN LPAREN Expr RPAREN SEMI
StmtList ::= StmtList Stmt
LiteralExpr ::= ID
CallExpr ::= LiteralExpr
UnaryExpr ::= CallExpr
Expr ::= UnaryExpr
LiteralExpr ::= ID
CallExpr ::= LiteralExpr
UnaryExpr ::= CallExpr
Expr ::= UnaryExpr
Expr ::= Expr PLUS Expr
Stmt ::= SYSTEMOUTPRINTLN LPAREN Expr RPAREN SEMI
StmtList ::= StmtList Stmt
LiteralExpr ::= ID
CallExpr ::= LiteralExpr
UnaryExpr ::= CallExpr
Expr ::= UnaryExpr
LiteralExpr ::= ID
CallExpr ::= LiteralExpr
UnaryExpr ::= CallExpr
Expr ::= UnaryExpr
Expr ::= Expr PLUS Expr
LiteralExpr ::= ID
CallExpr ::= LiteralExpr
UnaryExpr ::= CallExpr
Expr ::= UnaryExpr
Expr ::= Expr MINUS Expr
Stmt ::= SYSTEMOUTPRINTLN LPAREN Expr RPAREN SEMI
StmtList ::= StmtList Stmt
LiteralExpr ::= ID
CallExpr ::= LiteralExpr
UnaryExpr ::= CallExpr
Expr ::= UnaryExpr
LiteralExpr ::= ID
CallExpr ::= LiteralExpr
UnaryExpr ::= CallExpr
Expr ::= UnaryExpr
Expr ::= Expr PLUS Expr
LiteralExpr ::= ID
CallExpr ::= LiteralExpr
UnaryExpr ::= CallExpr
Expr ::= UnaryExpr
LiteralExpr ::= ID
CallExpr ::= LiteralExpr
UnaryExpr ::= CallExpr
Expr ::= UnaryExpr
Expr ::= Expr TIMES Expr
Expr ::= Expr MINUS Expr
Stmt ::= SYSTEMOUTPRINTLN LPAREN Expr RPAREN SEMI
StmtList ::= StmtList Stmt
LiteralExpr ::= ID
CallExpr ::= LiteralExpr
UnaryExpr ::= CallExpr
Expr ::= UnaryExpr
LiteralExpr ::= ID
CallExpr ::= LiteralExpr
UnaryExpr ::= CallExpr
Expr ::= UnaryExpr
Expr ::= Expr PLUS Expr
LiteralExpr ::= ID
CallExpr ::= LiteralExpr
UnaryExpr ::= CallExpr
Expr ::= UnaryExpr
LiteralExpr ::= ID
CallExpr ::= LiteralExpr
UnaryExpr ::= CallExpr
Expr ::= UnaryExpr
Expr ::= Expr TIMES Expr
LiteralExpr ::= ID
CallExpr ::= LiteralExpr
UnaryExpr ::= CallExpr
Expr ::= UnaryExpr
Expr ::= Expr DIVIDE Expr
Expr ::= Expr MINUS Expr
Stmt ::= SYSTEMOUTPRINTLN LPAREN Expr RPAREN SEMI
StmtList ::= StmtList Stmt
LiteralExpr ::= ID
CallExpr ::= LiteralExpr
UnaryExpr ::= CallExpr
Expr ::= UnaryExpr
LiteralExpr ::= ID
CallExpr ::= LiteralExpr
UnaryExpr ::= CallExpr
Expr ::= UnaryExpr
Expr ::= Expr DIVIDE Expr
LiteralExpr ::= ID
CallExpr ::= LiteralExpr
UnaryExpr ::= CallExpr
Expr ::= UnaryExpr
LiteralExpr ::= ID
CallExpr ::= LiteralExpr
UnaryExpr ::= CallExpr
Expr ::= UnaryExpr
Expr ::= Expr DIVIDE Expr
Expr ::= Expr PLUS Expr
LiteralExpr ::= ID
CallExpr ::= LiteralExpr
UnaryExpr ::= CallExpr
Expr ::= UnaryExpr
LiteralExpr ::= ID
CallExpr ::= LiteralExpr
UnaryExpr ::= CallExpr
Expr ::= UnaryExpr
Expr ::= Expr TIMES Expr
Expr ::= Expr MINUS Expr
LiteralExpr ::= ID
CallExpr ::= LiteralExpr
UnaryExpr ::= CallExpr
Expr ::= UnaryExpr
LiteralExpr ::= ID
CallExpr ::= LiteralExpr
UnaryExpr ::= CallExpr
Expr ::= UnaryExpr
Expr ::= Expr TIMES Expr
Expr ::= Expr MINUS Expr
Stmt ::= SYSTEMOUTPRINTLN LPAREN Expr RPAREN SEMI
StmtList ::= StmtList Stmt
LiteralExpr ::= ID
CallExpr ::= LiteralExpr
UnaryExpr ::= CallExpr
Expr ::= UnaryExpr
LiteralExpr ::= TRUE
CallExpr ::= LiteralExpr
UnaryExpr ::= CallExpr
UnaryExpr ::= NOT UnaryExpr
Expr ::= UnaryExpr
Stmt ::= ID GETS Expr SEMI
Stmt ::= WHILE LPAREN Expr RPAREN Stmt
StmtList ::= StmtList Stmt
LiteralExpr ::= FALSE
CallExpr ::= LiteralExpr
UnaryExpr ::= CallExpr
Expr ::= UnaryExpr
LiteralExpr ::= TRUE
CallExpr ::= LiteralExpr
UnaryExpr ::= CallExpr
UnaryExpr ::= NOT UnaryExpr
Expr ::= UnaryExpr
LiteralExpr ::= TRUE
CallExpr ::= LiteralExpr
UnaryExpr ::= CallExpr
Expr ::= UnaryExpr
Expr ::= Expr AND Expr
Expr ::= Expr OR Expr
LiteralExpr ::= TRUE
CallExpr ::= LiteralExpr
UnaryExpr ::= CallExpr
UnaryExpr ::= NOT UnaryExpr
Expr ::= UnaryExpr
Expr ::= Expr OR Expr
LiteralExpr ::= INTEGER
CallExpr ::= LiteralExpr
UnaryExpr ::= CallExpr
Expr ::= UnaryExpr
Stmt ::= SYSTEMOUTPRINTLN LPAREN Expr RPAREN SEMI
LiteralExpr ::= INTEGER
CallExpr ::= LiteralExpr
UnaryExpr ::= CallExpr
Expr ::= UnaryExpr
Stmt ::= SYSTEMOUTPRINTLN LPAREN Expr RPAREN SEMI
Stmt ::= IF LPAREN Expr RPAREN Stmt ELSE Stmt
StmtList ::= StmtList Stmt
Type ::= INT
LiteralExpr ::= INTEGER
CallExpr ::= LiteralExpr
UnaryExpr ::= CallExpr
Expr ::= UnaryExpr
Stmt ::= Type ID GETS Expr SEMI
StmtList ::= StmtList Stmt
Type ::= BOOLEAN
LiteralExpr ::= TRUE
CallExpr ::= LiteralExpr
UnaryExpr ::= CallExpr
Expr ::= UnaryExpr
Stmt ::= Type ID GETS Expr SEMI
StmtList ::= StmtList Stmt
LiteralExpr ::= ID
CallExpr ::= LiteralExpr
UnaryExpr ::= CallExpr
Expr ::= UnaryExpr
StmtList ::= 
LiteralExpr ::= ID
CallExpr ::= LiteralExpr
UnaryExpr ::= CallExpr
Expr ::= UnaryExpr
Stmt ::= SYSTEMOUTPRINTLN LPAREN Expr RPAREN SEMI
StmtList ::= StmtList Stmt
LiteralExpr ::= INTEGER
CallExpr ::= LiteralExpr
UnaryExpr ::= CallExpr
UnaryExpr ::= MINUS UnaryExpr
Expr ::= UnaryExpr
LiteralExpr ::= ID
CallExpr ::= LiteralExpr
UnaryExpr ::= CallExpr
Expr ::= UnaryExpr
Expr ::= Expr PLUS Expr
Stmt ::= ID GETS Expr SEMI
StmtList ::= StmtList Stmt
LiteralExpr ::= ID
CallExpr ::= LiteralExpr
UnaryExpr ::= CallExpr
Expr ::= UnaryExpr
LiteralExpr ::= INTEGER
CallExpr ::= LiteralExpr
UnaryExpr ::= CallExpr
Expr ::= UnaryExpr
Expr ::= Expr GTE Expr
Stmt ::= ID GETS Expr SEMI
StmtList ::= StmtList Stmt
Stmt ::= LBRACE StmtList RBRACE
Stmt ::= WHILE LPAREN Expr RPAREN Stmt
StmtList ::= StmtList Stmt
LiteralExpr ::= ID
CallExpr ::= LiteralExpr
UnaryExpr ::= CallExpr
Expr ::= UnaryExpr
LiteralExpr ::= ID
CallExpr ::= LiteralExpr
UnaryExpr ::= CallExpr
Expr ::= UnaryExpr
Expr ::= Expr PLUS Expr
LiteralExpr ::= ID
CallExpr ::= LiteralExpr
UnaryExpr ::= CallExpr
Expr ::= UnaryExpr
Expr ::= Expr PLUS Expr
LiteralExpr ::= INTEGER
CallExpr ::= LiteralExpr
UnaryExpr ::= CallExpr
Expr ::= UnaryExpr
Expr ::= Expr EQ Expr
StmtList ::= 
Type ::= INT
LiteralExpr ::= ID
CallExpr ::= LiteralExpr
UnaryExpr ::= CallExpr
Expr ::= UnaryExpr
LiteralExpr ::= ID
CallExpr ::= LiteralExpr
UnaryExpr ::= CallExpr
Expr ::= UnaryExpr
LiteralExpr ::= INTEGER
CallExpr ::= LiteralExpr
UnaryExpr ::= CallExpr
Expr ::= UnaryExpr
Expr ::= Expr TIMES Expr
LiteralExpr ::= INTEGER
CallExpr ::= LiteralExpr
UnaryExpr ::= CallExpr
Expr ::= UnaryExpr
Expr ::= Expr DIVIDE Expr
Expr ::= Expr PLUS Expr
Stmt ::= Type ID GETS Expr SEMI
StmtList ::= StmtList Stmt
LiteralExpr ::= ID
CallExpr ::= LiteralExpr
UnaryExpr ::= CallExpr
Expr ::= UnaryExpr
Stmt ::= SYSTEMOUTPRINTLN LPAREN Expr RPAREN SEMI
StmtList ::= StmtList Stmt
Stmt ::= LBRACE StmtList RBRACE
StmtList ::= 
LiteralExpr ::= INTEGER
CallExpr ::= LiteralExpr
UnaryExpr ::= CallExpr
Expr ::= UnaryExpr
Stmt ::= SYSTEMOUTPRINTLN LPAREN Expr RPAREN SEMI
StmtList ::= StmtList Stmt
LiteralExpr ::= INTEGER
CallExpr ::= LiteralExpr
UnaryExpr ::= CallExpr
Expr ::= UnaryExpr
Stmt ::= SYSTEMOUTPRINTLN LPAREN Expr RPAREN SEMI
StmtList ::= StmtList Stmt
LiteralExpr ::= INTEGER
CallExpr ::= LiteralExpr
UnaryExpr ::= CallExpr
Expr ::= UnaryExpr
Stmt ::= SYSTEMOUTPRINTLN LPAREN Expr RPAREN SEMI
StmtList ::= StmtList Stmt
LiteralExpr ::= INTEGER
CallExpr ::= LiteralExpr
UnaryExpr ::= CallExpr
Expr ::= UnaryExpr
Stmt ::= SYSTEMOUTPRINTLN LPAREN Expr RPAREN SEMI
StmtList ::= StmtList Stmt
LiteralExpr ::= INTEGER
CallExpr ::= LiteralExpr
UnaryExpr ::= CallExpr
Expr ::= UnaryExpr
Stmt ::= SYSTEMOUTPRINTLN LPAREN Expr RPAREN SEMI
StmtList ::= StmtList Stmt
Stmt ::= LBRACE StmtList RBRACE
Stmt ::= IF LPAREN Expr RPAREN Stmt ELSE Stmt
StmtList ::= StmtList Stmt
MainClassDecl ::= ...
ClassDeclList ::= 
OptExtends ::= 
ClassVarDeclList ::= 
Type ::= INT
ClassVarDecl ::= Type ID SEMI
ClassVarDeclList ::= ClassVarDeclList ClassVarDecl
Type ::= INT
ClassVarDecl ::= Type ID SEMI
ClassVarDeclList ::= ClassVarDeclList ClassVarDecl
Type ::= INT
ClassVarDecl ::= Type ID SEMI
ClassVarDeclList ::= ClassVarDeclList ClassVarDecl
MethodDeclList ::= 
Type ::= INT
Type ::= INT
Formal ::= Type ID
FormalList ::= Formal
Type ::= INT
Formal ::= Type ID
FormalList ::= FormalList COMMA Formal
OptFormalList ::= FormalList
StmtList ::= 
LiteralExpr ::= ID
CallExpr ::= LiteralExpr
UnaryExpr ::= CallExpr
Expr ::= UnaryExpr
LiteralExpr ::= INTEGER
CallExpr ::= LiteralExpr
UnaryExpr ::= CallExpr
Expr ::= UnaryExpr
Expr ::= Expr PLUS Expr
Stmt ::= ID GETS Expr SEMI
StmtList ::= StmtList Stmt
LiteralExpr ::= ID
CallExpr ::= LiteralExpr
UnaryExpr ::= CallExpr
Expr ::= UnaryExpr
LiteralExpr ::= ID
CallExpr ::= LiteralExpr
UnaryExpr ::= CallExpr
Expr ::= UnaryExpr
LiteralExpr ::= ID
CallExpr ::= LiteralExpr
UnaryExpr ::= CallExpr
Expr ::= UnaryExpr
Expr ::= Expr DIVIDE Expr
LiteralExpr ::= ID
CallExpr ::= LiteralExpr
UnaryExpr ::= CallExpr
Expr ::= UnaryExpr
Expr ::= Expr TIMES Expr
Expr ::= Expr MINUS Expr
MethodDecl ::= ... 
MethodDeclList ::= MethodDeclList MethodDecl
Type ::= INT
Type ::= INT
Formal ::= Type ID
FormalList ::= Formal
Type ::= INT
Formal ::= Type ID
FormalList ::= FormalList COMMA Formal
OptFormalList ::= FormalList
StmtList ::= 
Type ::= INT
LiteralExpr ::= INTEGER
CallExpr ::= LiteralExpr
UnaryExpr ::= CallExpr
UnaryExpr ::= MINUS UnaryExpr
Expr ::= UnaryExpr
Stmt ::= Type ID GETS Expr SEMI
StmtList ::= StmtList Stmt
LiteralExpr ::= ID
CallExpr ::= LiteralExpr
UnaryExpr ::= CallExpr
Expr ::= UnaryExpr
LiteralExpr ::= INTEGER
CallExpr ::= LiteralExpr
UnaryExpr ::= CallExpr
Expr ::= UnaryExpr
Expr ::= Expr PLUS Expr
Stmt ::= ID GETS Expr SEMI
StmtList ::= StmtList Stmt
LiteralExpr ::= ID
CallExpr ::= LiteralExpr
UnaryExpr ::= CallExpr
Expr ::= UnaryExpr
LiteralExpr ::= INTEGER
CallExpr ::= LiteralExpr
UnaryExpr ::= CallExpr
Expr ::= UnaryExpr
Expr ::= Expr LT Expr
LiteralExpr ::= INTEGER
CallExpr ::= LiteralExpr
UnaryExpr ::= CallExpr
UnaryExpr ::= MINUS UnaryExpr
Expr ::= UnaryExpr
Stmt ::= ID GETS Expr SEMI
StmtList ::= 
Type ::= INT
LiteralExpr ::= ID
CallExpr ::= LiteralExpr
UnaryExpr ::= CallExpr
Expr ::= UnaryExpr
Stmt ::= Type ID GETS Expr SEMI
StmtList ::= StmtList Stmt
LiteralExpr ::= ID
CallExpr ::= LiteralExpr
UnaryExpr ::= CallExpr
Expr ::= UnaryExpr
LiteralExpr ::= INTEGER
CallExpr ::= LiteralExpr
UnaryExpr ::= CallExpr
Expr ::= UnaryExpr
Expr ::= Expr EQ Expr
LiteralExpr ::= INTEGER
CallExpr ::= LiteralExpr
UnaryExpr ::= CallExpr
Expr ::= UnaryExpr
Stmt ::= ID GETS Expr SEMI
LiteralExpr ::= ID
CallExpr ::= LiteralExpr
UnaryExpr ::= CallExpr
Expr ::= UnaryExpr
LiteralExpr ::= INTEGER
CallExpr ::= LiteralExpr
UnaryExpr ::= CallExpr
Expr ::= UnaryExpr
Expr ::= Expr GT Expr
LiteralExpr ::= ID
CallExpr ::= LiteralExpr
UnaryExpr ::= CallExpr
Expr ::= UnaryExpr
LiteralExpr ::= ID
CallExpr ::= LiteralExpr
UnaryExpr ::= CallExpr
Expr ::= UnaryExpr
Expr ::= Expr TIMES Expr
Stmt ::= ID GETS Expr SEMI
Stmt ::= WHILE LPAREN Expr RPAREN Stmt
Stmt ::= IF LPAREN Expr RPAREN Stmt ELSE Stmt
StmtList ::= StmtList Stmt
Stmt ::= LBRACE StmtList RBRACE
Stmt ::= IF LPAREN Expr RPAREN Stmt ELSE Stmt
StmtList ::= StmtList Stmt
LiteralExpr ::= ID
CallExpr ::= LiteralExpr
UnaryExpr ::= CallExpr
Expr ::= UnaryExpr
MethodDecl ::= ... 
MethodDeclList ::= MethodDeclList MethodDecl
Type ::= INT
Type ::= INT
Formal ::= Type ID
FormalList ::= Formal
OptFormalList ::= FormalList
StmtList ::= 
LiteralExpr ::= ID
CallExpr ::= LiteralExpr
UnaryExpr ::= CallExpr
Expr ::= UnaryExpr
LiteralExpr ::= INTEGER
CallExpr ::= LiteralExpr
UnaryExpr ::= CallExpr
Expr ::= UnaryExpr
Expr ::= Expr PLUS Expr
Stmt ::= ID GETS Expr SEMI
StmtList ::= StmtList Stmt
LiteralExpr ::= INTEGER
CallExpr ::= LiteralExpr
UnaryExpr ::= CallExpr
Expr ::= UnaryExpr
LiteralExpr ::= ID
CallExpr ::= LiteralExpr
UnaryExpr ::= CallExpr
Expr ::= UnaryExpr
Expr ::= Expr MINUS Expr
MethodDecl ::= ... 
MethodDeclList ::= MethodDeclList MethodDecl
Type ::= BOOLEAN
Type ::= BOOLEAN
Formal ::= Type ID
FormalList ::= Formal
OptFormalList ::= FormalList
StmtList ::= 
LiteralExpr ::= ID
CallExpr ::= LiteralExpr
UnaryExpr ::= CallExpr
Expr ::= UnaryExpr
LiteralExpr ::= INTEGER
CallExpr ::= LiteralExpr
UnaryExpr ::= CallExpr
Expr ::= UnaryExpr
Expr ::= Expr PLUS Expr
Stmt ::= ID GETS Expr SEMI
StmtList ::= StmtList Stmt
LiteralExpr ::= ID
CallExpr ::= LiteralExpr
UnaryExpr ::= CallExpr
UnaryExpr ::= NOT UnaryExpr
Expr ::= UnaryExpr
MethodDecl ::= ... 
MethodDeclList ::= MethodDeclList MethodDecl
Type ::= INT
OptFormalList ::= 
StmtList ::= 
LiteralExpr ::= ID
CallExpr ::= LiteralExpr
UnaryExpr ::= CallExpr
Expr ::= UnaryExpr
LiteralExpr ::= ID
CallExpr ::= LiteralExpr
UnaryExpr ::= CallExpr
Expr ::= UnaryExpr
Expr ::= Expr PLUS Expr
LiteralExpr ::= ID
CallExpr ::= LiteralExpr
UnaryExpr ::= CallExpr
Expr ::= UnaryExpr
Expr ::= Expr PLUS Expr
Stmt ::= SYSTEMOUTPRINTLN LPAREN Expr RPAREN SEMI
StmtList ::= StmtList Stmt
LiteralExpr ::= INTEGER
CallExpr ::= LiteralExpr
UnaryExpr ::= CallExpr
Expr ::= UnaryExpr
MethodDecl ::= ... 
MethodDeclList ::= MethodDeclList MethodDecl
ClassDecl ::= ...
ClassDeclList ::= ClassDeclList ClassDecl
OptExtends ::= 
ClassVarDeclList ::= 
MethodDeclList ::= 
Type ::= INT
Type ::= INT
Formal ::= Type ID
FormalList ::= Formal
Type ::= INT
Formal ::= Type ID
FormalList ::= FormalList COMMA Formal
OptFormalList ::= FormalList
StmtList ::= 
Type ::= INT
LiteralExpr ::= INTEGER
CallExpr ::= LiteralExpr
UnaryExpr ::= CallExpr
Expr ::= UnaryExpr
Stmt ::= Type ID GETS Expr SEMI
StmtList ::= StmtList Stmt
Type ::= BOOLEAN
LiteralExpr ::= FALSE
CallExpr ::= LiteralExpr
UnaryExpr ::= CallExpr
Expr ::= UnaryExpr
Stmt ::= Type ID GETS Expr SEMI
StmtList ::= StmtList Stmt
Type ::= BOOLEAN
LiteralExpr ::= FALSE
CallExpr ::= LiteralExpr
UnaryExpr ::= CallExpr
Expr ::= UnaryExpr
Stmt ::= Type ID GETS Expr SEMI
StmtList ::= StmtList Stmt
LiteralExpr ::= ID
CallExpr ::= LiteralExpr
UnaryExpr ::= CallExpr
Expr ::= UnaryExpr
LiteralExpr ::= INTEGER
CallExpr ::= LiteralExpr
UnaryExpr ::= CallExpr
Expr ::= UnaryExpr
Expr ::= Expr MINUS Expr
LiteralExpr ::= INTEGER
CallExpr ::= LiteralExpr
UnaryExpr ::= CallExpr
Expr ::= UnaryExpr
Expr ::= Expr GTE Expr
StmtList ::= 
LiteralExpr ::= ID
CallExpr ::= LiteralExpr
UnaryExpr ::= CallExpr
Expr ::= UnaryExpr
LiteralExpr ::= INTEGER
CallExpr ::= LiteralExpr
UnaryExpr ::= CallExpr
Expr ::= UnaryExpr
Expr ::= Expr MINUS Expr
Stmt ::= ID GETS Expr SEMI
StmtList ::= StmtList Stmt
LiteralExpr ::= TRUE
CallExpr ::= LiteralExpr
UnaryExpr ::= CallExpr
Expr ::= UnaryExpr
Stmt ::= ID GETS Expr SEMI
StmtList ::= StmtList Stmt
Stmt ::= LBRACE StmtList RBRACE
LiteralExpr ::= FALSE
CallExpr ::= LiteralExpr
UnaryExpr ::= CallExpr
Expr ::= UnaryExpr
Stmt ::= ID GETS Expr SEMI
Stmt ::= IF LPAREN Expr RPAREN Stmt ELSE Stmt
StmtList ::= StmtList Stmt
LiteralExpr ::= ID
CallExpr ::= LiteralExpr
UnaryExpr ::= CallExpr
Expr ::= UnaryExpr
LiteralExpr ::= INTEGER
CallExpr ::= LiteralExpr
UnaryExpr ::= CallExpr
Expr ::= UnaryExpr
Expr ::= Expr MINUS Expr
LiteralExpr ::= INTEGER
CallExpr ::= LiteralExpr
UnaryExpr ::= CallExpr
Expr ::= UnaryExpr
Expr ::= Expr GTE Expr
StmtList ::= 
LiteralExpr ::= ID
CallExpr ::= LiteralExpr
UnaryExpr ::= CallExpr
Expr ::= UnaryExpr
LiteralExpr ::= INTEGER
CallExpr ::= LiteralExpr
UnaryExpr ::= CallExpr
Expr ::= UnaryExpr
Expr ::= Expr MINUS Expr
Stmt ::= ID GETS Expr SEMI
StmtList ::= StmtList Stmt
LiteralExpr ::= TRUE
CallExpr ::= LiteralExpr
UnaryExpr ::= CallExpr
Expr ::= UnaryExpr
Stmt ::= ID GETS Expr SEMI
StmtList ::= StmtList Stmt
Stmt ::= LBRACE StmtList RBRACE
LiteralExpr ::= FALSE
CallExpr ::= LiteralExpr
UnaryExpr ::= CallExpr
Expr ::= UnaryExpr
Stmt ::= ID GETS Expr SEMI
Stmt ::= IF LPAREN Expr RPAREN Stmt ELSE Stmt
StmtList ::= StmtList Stmt
LiteralExpr ::= ID
CallExpr ::= LiteralExpr
UnaryExpr ::= CallExpr
Expr ::= UnaryExpr
LiteralExpr ::= ID
CallExpr ::= LiteralExpr
UnaryExpr ::= CallExpr
Expr ::= UnaryExpr
Expr ::= Expr AND Expr
LiteralExpr ::= ID
CallExpr ::= LiteralExpr
UnaryExpr ::= CallExpr
Expr ::= UnaryExpr
LiteralExpr ::= INTEGER
CallExpr ::= LiteralExpr
UnaryExpr ::= CallExpr
Expr ::= UnaryExpr
Expr ::= Expr PLUS Expr
Stmt ::= ID GETS Expr SEMI
LiteralExpr ::= ID
CallExpr ::= LiteralExpr
UnaryExpr ::= CallExpr
Expr ::= UnaryExpr
LiteralExpr ::= INTEGER
CallExpr ::= LiteralExpr
UnaryExpr ::= CallExpr
Expr ::= UnaryExpr
Expr ::= Expr PLUS Expr
Stmt ::= ID GETS Expr SEMI
Stmt ::= IF LPAREN Expr RPAREN Stmt ELSE Stmt
StmtList ::= StmtList Stmt
LiteralExpr ::= ID
CallExpr ::= LiteralExpr
UnaryExpr ::= CallExpr
Expr ::= UnaryExpr
LiteralExpr ::= INTEGER
CallExpr ::= LiteralExpr
UnaryExpr ::= CallExpr
Expr ::= UnaryExpr
Expr ::= Expr MINUS Expr
LiteralExpr ::= INTEGER
CallExpr ::= LiteralExpr
UnaryExpr ::= CallExpr
Expr ::= UnaryExpr
Expr ::= Expr GTE Expr
StmtList ::= 
LiteralExpr ::= ID
CallExpr ::= LiteralExpr
UnaryExpr ::= CallExpr
Expr ::= UnaryExpr
LiteralExpr ::= INTEGER
CallExpr ::= LiteralExpr
UnaryExpr ::= CallExpr
Expr ::= UnaryExpr
Expr ::= Expr MINUS Expr
Stmt ::= ID GETS Expr SEMI
StmtList ::= StmtList Stmt
LiteralExpr ::= TRUE
CallExpr ::= LiteralExpr
UnaryExpr ::= CallExpr
Expr ::= UnaryExpr
Stmt ::= ID GETS Expr SEMI
StmtList ::= StmtList Stmt
Stmt ::= LBRACE StmtList RBRACE
LiteralExpr ::= FALSE
CallExpr ::= LiteralExpr
UnaryExpr ::= CallExpr
Expr ::= UnaryExpr
Stmt ::= ID GETS Expr SEMI
Stmt ::= IF LPAREN Expr RPAREN Stmt ELSE Stmt
StmtList ::= StmtList Stmt
LiteralExpr ::= ID
CallExpr ::= LiteralExpr
UnaryExpr ::= CallExpr
Expr ::= UnaryExpr
LiteralExpr ::= INTEGER
CallExpr ::= LiteralExpr
UnaryExpr ::= CallExpr
Expr ::= UnaryExpr
Expr ::= Expr MINUS Expr
LiteralExpr ::= INTEGER
CallExpr ::= LiteralExpr
UnaryExpr ::= CallExpr
Expr ::= UnaryExpr
Expr ::= Expr GTE Expr
StmtList ::= 
LiteralExpr ::= ID
CallExpr ::= LiteralExpr
UnaryExpr ::= CallExpr
Expr ::= UnaryExpr
LiteralExpr ::= INTEGER
CallExpr ::= LiteralExpr
UnaryExpr ::= CallExpr
Expr ::= UnaryExpr
Expr ::= Expr MINUS Expr
Stmt ::= ID GETS Expr SEMI
StmtList ::= StmtList Stmt
LiteralExpr ::= TRUE
CallExpr ::= LiteralExpr
UnaryExpr ::= CallExpr
Expr ::= UnaryExpr
Stmt ::= ID GETS Expr SEMI
StmtList ::= StmtList Stmt
Stmt ::= LBRACE StmtList RBRACE
LiteralExpr ::= FALSE
CallExpr ::= LiteralExpr
UnaryExpr ::= CallExpr
Expr ::= UnaryExpr
Stmt ::= ID GETS Expr SEMI
Stmt ::= IF LPAREN Expr RPAREN Stmt ELSE Stmt
StmtList ::= StmtList Stmt
LiteralExpr ::= ID
CallExpr ::= LiteralExpr
UnaryExpr ::= CallExpr
Expr ::= UnaryExpr
LiteralExpr ::= ID
CallExpr ::= LiteralExpr
UnaryExpr ::= CallExpr
Expr ::= UnaryExpr
Expr ::= Expr AND Expr
LiteralExpr ::= ID
CallExpr ::= LiteralExpr
UnaryExpr ::= CallExpr
Expr ::= UnaryExpr
LiteralExpr ::= INTEGER
CallExpr ::= LiteralExpr
UnaryExpr ::= CallExpr
Expr ::= UnaryExpr
Expr ::= Expr PLUS Expr
Stmt ::= ID GETS Expr SEMI
LiteralExpr ::= ID
CallExpr ::= LiteralExpr
UnaryExpr ::= CallExpr
Expr ::= UnaryExpr
LiteralExpr ::= INTEGER
CallExpr ::= LiteralExpr
UnaryExpr ::= CallExpr
Expr ::= UnaryExpr
Expr ::= Expr PLUS Expr
Stmt ::= ID GETS Expr SEMI
Stmt ::= IF LPAREN Expr RPAREN Stmt ELSE Stmt
StmtList ::= StmtList Stmt
LiteralExpr ::= ID
CallExpr ::= LiteralExpr
UnaryExpr ::= CallExpr
Expr ::= UnaryExpr
LiteralExpr ::= INTEGER
CallExpr ::= LiteralExpr
UnaryExpr ::= CallExpr
Expr ::= UnaryExpr
Expr ::= Expr MINUS Expr
LiteralExpr ::= INTEGER
CallExpr ::= LiteralExpr
UnaryExpr ::= CallExpr
Expr ::= UnaryExpr
Expr ::= Expr GTE Expr
StmtList ::= 
LiteralExpr ::= ID
CallExpr ::= LiteralExpr
UnaryExpr ::= CallExpr
Expr ::= UnaryExpr
LiteralExpr ::= INTEGER
CallExpr ::= LiteralExpr
UnaryExpr ::= CallExpr
Expr ::= UnaryExpr
Expr ::= Expr MINUS Expr
Stmt ::= ID GETS Expr SEMI
StmtList ::= StmtList Stmt
LiteralExpr ::= TRUE
CallExpr ::= LiteralExpr
UnaryExpr ::= CallExpr
Expr ::= UnaryExpr
Stmt ::= ID GETS Expr SEMI
StmtList ::= StmtList Stmt
Stmt ::= LBRACE StmtList RBRACE
LiteralExpr ::= FALSE
CallExpr ::= LiteralExpr
UnaryExpr ::= CallExpr
Expr ::= UnaryExpr
Stmt ::= ID GETS Expr SEMI
Stmt ::= IF LPAREN Expr RPAREN Stmt ELSE Stmt
StmtList ::= StmtList Stmt
LiteralExpr ::= ID
CallExpr ::= LiteralExpr
UnaryExpr ::= CallExpr
Expr ::= UnaryExpr
LiteralExpr ::= INTEGER
CallExpr ::= LiteralExpr
UnaryExpr ::= CallExpr
Expr ::= UnaryExpr
Expr ::= Expr MINUS Expr
LiteralExpr ::= INTEGER
CallExpr ::= LiteralExpr
UnaryExpr ::= CallExpr
Expr ::= UnaryExpr
Expr ::= Expr GTE Expr
StmtList ::= 
LiteralExpr ::= ID
CallExpr ::= LiteralExpr
UnaryExpr ::= CallExpr
Expr ::= UnaryExpr
LiteralExpr ::= INTEGER
CallExpr ::= LiteralExpr
UnaryExpr ::= CallExpr
Expr ::= UnaryExpr
Expr ::= Expr MINUS Expr
Stmt ::= ID GETS Expr SEMI
StmtList ::= StmtList Stmt
LiteralExpr ::= TRUE
CallExpr ::= LiteralExpr
UnaryExpr ::= CallExpr
Expr ::= UnaryExpr
Stmt ::= ID GETS Expr SEMI
StmtList ::= StmtList Stmt
Stmt ::= LBRACE StmtList RBRACE
LiteralExpr ::= FALSE
CallExpr ::= LiteralExpr
UnaryExpr ::= CallExpr
Expr ::= UnaryExpr
Stmt ::= ID GETS Expr SEMI
Stmt ::= IF LPAREN Expr RPAREN Stmt ELSE Stmt
StmtList ::= StmtList Stmt
LiteralExpr ::= ID
CallExpr ::= LiteralExpr
UnaryExpr ::= CallExpr
Expr ::= UnaryExpr
LiteralExpr ::= ID
CallExpr ::= LiteralExpr
UnaryExpr ::= CallExpr
Expr ::= UnaryExpr
Expr ::= Expr AND Expr
LiteralExpr ::= ID
CallExpr ::= LiteralExpr
UnaryExpr ::= CallExpr
Expr ::= UnaryExpr
LiteralExpr ::= INTEGER
CallExpr ::= LiteralExpr
UnaryExpr ::= CallExpr
Expr ::= UnaryExpr
Expr ::= Expr PLUS Expr
Stmt ::= ID GETS Expr SEMI
LiteralExpr ::= ID
CallExpr ::= LiteralExpr
UnaryExpr ::= CallExpr
Expr ::= UnaryExpr
LiteralExpr ::= INTEGER
CallExpr ::= LiteralExpr
UnaryExpr ::= CallExpr
Expr ::= UnaryExpr
Expr ::= Expr PLUS Expr
Stmt ::= ID GETS Expr SEMI
Stmt ::= IF LPAREN Expr RPAREN Stmt ELSE Stmt
StmtList ::= StmtList Stmt
LiteralExpr ::= ID
CallExpr ::= LiteralExpr
UnaryExpr ::= CallExpr
Expr ::= UnaryExpr
LiteralExpr ::= INTEGER
CallExpr ::= LiteralExpr
UnaryExpr ::= CallExpr
Expr ::= UnaryExpr
Expr ::= Expr MINUS Expr
LiteralExpr ::= INTEGER
CallExpr ::= LiteralExpr
UnaryExpr ::= CallExpr
Expr ::= UnaryExpr
Expr ::= Expr GTE Expr
StmtList ::= 
LiteralExpr ::= ID
CallExpr ::= LiteralExpr
UnaryExpr ::= CallExpr
Expr ::= UnaryExpr
LiteralExpr ::= INTEGER
CallExpr ::= LiteralExpr
UnaryExpr ::= CallExpr
Expr ::= UnaryExpr
Expr ::= Expr MINUS Expr
Stmt ::= ID GETS Expr SEMI
StmtList ::= StmtList Stmt
LiteralExpr ::= TRUE
CallExpr ::= LiteralExpr
UnaryExpr ::= CallExpr
Expr ::= UnaryExpr
Stmt ::= ID GETS Expr SEMI
StmtList ::= StmtList Stmt
Stmt ::= LBRACE StmtList RBRACE
LiteralExpr ::= FALSE
CallExpr ::= LiteralExpr
UnaryExpr ::= CallExpr
Expr ::= UnaryExpr
Stmt ::= ID GETS Expr SEMI
Stmt ::= IF LPAREN Expr RPAREN Stmt ELSE Stmt
StmtList ::= StmtList Stmt
LiteralExpr ::= ID
CallExpr ::= LiteralExpr
UnaryExpr ::= CallExpr
Expr ::= UnaryExpr
LiteralExpr ::= INTEGER
CallExpr ::= LiteralExpr
UnaryExpr ::= CallExpr
Expr ::= UnaryExpr
Expr ::= Expr MINUS Expr
LiteralExpr ::= INTEGER
CallExpr ::= LiteralExpr
UnaryExpr ::= CallExpr
Expr ::= UnaryExpr
Expr ::= Expr GTE Expr
StmtList ::= 
LiteralExpr ::= ID
CallExpr ::= LiteralExpr
UnaryExpr ::= CallExpr
Expr ::= UnaryExpr
LiteralExpr ::= INTEGER
CallExpr ::= LiteralExpr
UnaryExpr ::= CallExpr
Expr ::= UnaryExpr
Expr ::= Expr MINUS Expr
Stmt ::= ID GETS Expr SEMI
StmtList ::= StmtList Stmt
LiteralExpr ::= TRUE
CallExpr ::= LiteralExpr
UnaryExpr ::= CallExpr
Expr ::= UnaryExpr
Stmt ::= ID GETS Expr SEMI
StmtList ::= StmtList Stmt
Stmt ::= LBRACE StmtList RBRACE
LiteralExpr ::= FALSE
CallExpr ::= LiteralExpr
UnaryExpr ::= CallExpr
Expr ::= UnaryExpr
Stmt ::= ID GETS Expr SEMI
Stmt ::= IF LPAREN Expr RPAREN Stmt ELSE Stmt
StmtList ::= StmtList Stmt
LiteralExpr ::= ID
CallExpr ::= LiteralExpr
UnaryExpr ::= CallExpr
Expr ::= UnaryExpr
LiteralExpr ::= ID
CallExpr ::= LiteralExpr
UnaryExpr ::= CallExpr
Expr ::= UnaryExpr
Expr ::= Expr AND Expr
LiteralExpr ::= ID
CallExpr ::= LiteralExpr
UnaryExpr ::= CallExpr
Expr ::= UnaryExpr
LiteralExpr ::= INTEGER
CallExpr ::= LiteralExpr
UnaryExpr ::= CallExpr
Expr ::= UnaryExpr
Expr ::= Expr PLUS Expr
Stmt ::= ID GETS Expr SEMI
LiteralExpr ::= ID
CallExpr ::= LiteralExpr
UnaryExpr ::= CallExpr
Expr ::= UnaryExpr
LiteralExpr ::= INTEGER
CallExpr ::= LiteralExpr
UnaryExpr ::= CallExpr
Expr ::= UnaryExpr
Expr ::= Expr PLUS Expr
Stmt ::= ID GETS Expr SEMI
Stmt ::= IF LPAREN Expr RPAREN Stmt ELSE Stmt
StmtList ::= StmtList Stmt
LiteralExpr ::= ID
CallExpr ::= LiteralExpr
UnaryExpr ::= CallExpr
Expr ::= UnaryExpr
LiteralExpr ::= INTEGER
CallExpr ::= LiteralExpr
UnaryExpr ::= CallExpr
Expr ::= UnaryExpr
Expr ::= Expr MINUS Expr
LiteralExpr ::= INTEGER
CallExpr ::= LiteralExpr
UnaryExpr ::= CallExpr
Expr ::= UnaryExpr
Expr ::= Expr GTE Expr
StmtList ::= 
LiteralExpr ::= ID
CallExpr ::= LiteralExpr
UnaryExpr ::= CallExpr
Expr ::= UnaryExpr
LiteralExpr ::= INTEGER
CallExpr ::= LiteralExpr
UnaryExpr ::= CallExpr
Expr ::= UnaryExpr
Expr ::= Expr MINUS Expr
Stmt ::= ID GETS Expr SEMI
StmtList ::= StmtList Stmt
LiteralExpr ::= TRUE
CallExpr ::= LiteralExpr
UnaryExpr ::= CallExpr
Expr ::= UnaryExpr
Stmt ::= ID GETS Expr SEMI
StmtList ::= StmtList Stmt
Stmt ::= LBRACE StmtList RBRACE
LiteralExpr ::= FALSE
CallExpr ::= LiteralExpr
UnaryExpr ::= CallExpr
Expr ::= UnaryExpr
Stmt ::= ID GETS Expr SEMI
Stmt ::= IF LPAREN Expr RPAREN Stmt ELSE Stmt
StmtList ::= StmtList Stmt
LiteralExpr ::= ID
CallExpr ::= LiteralExpr
UnaryExpr ::= CallExpr
Expr ::= UnaryExpr
LiteralExpr ::= INTEGER
CallExpr ::= LiteralExpr
UnaryExpr ::= CallExpr
Expr ::= UnaryExpr
Expr ::= Expr MINUS Expr
LiteralExpr ::= INTEGER
CallExpr ::= LiteralExpr
UnaryExpr ::= CallExpr
Expr ::= UnaryExpr
Expr ::= Expr GTE Expr
StmtList ::= 
LiteralExpr ::= ID
CallExpr ::= LiteralExpr
UnaryExpr ::= CallExpr
Expr ::= UnaryExpr
LiteralExpr ::= INTEGER
CallExpr ::= LiteralExpr
UnaryExpr ::= CallExpr
Expr ::= UnaryExpr
Expr ::= Expr MINUS Expr
Stmt ::= ID GETS Expr SEMI
StmtList ::= StmtList Stmt
LiteralExpr ::= TRUE
CallExpr ::= LiteralExpr
UnaryExpr ::= CallExpr
Expr ::= UnaryExpr
Stmt ::= ID GETS Expr SEMI
StmtList ::= StmtList Stmt
Stmt ::= LBRACE StmtList RBRACE
LiteralExpr ::= FALSE
CallExpr ::= LiteralExpr
UnaryExpr ::= CallExpr
Expr ::= UnaryExpr
Stmt ::= ID GETS Expr SEMI
Stmt ::= IF LPAREN Expr RPAREN Stmt ELSE Stmt
StmtList ::= StmtList Stmt
LiteralExpr ::= ID
CallExpr ::= LiteralExpr
UnaryExpr ::= CallExpr
Expr ::= UnaryExpr
LiteralExpr ::= ID
CallExpr ::= LiteralExpr
UnaryExpr ::= CallExpr
Expr ::= UnaryExpr
Expr ::= Expr AND Expr
LiteralExpr ::= ID
CallExpr ::= LiteralExpr
UnaryExpr ::= CallExpr
Expr ::= UnaryExpr
LiteralExpr ::= INTEGER
CallExpr ::= LiteralExpr
UnaryExpr ::= CallExpr
Expr ::= UnaryExpr
Expr ::= Expr PLUS Expr
Stmt ::= ID GETS Expr SEMI
LiteralExpr ::= ID
CallExpr ::= LiteralExpr
UnaryExpr ::= CallExpr
Expr ::= UnaryExpr
LiteralExpr ::= INTEGER
CallExpr ::= LiteralExpr
UnaryExpr ::= CallExpr
Expr ::= UnaryExpr
Expr ::= Expr PLUS Expr
Stmt ::= ID GETS Expr SEMI
Stmt ::= IF LPAREN Expr RPAREN Stmt ELSE Stmt
StmtList ::= StmtList Stmt
LiteralExpr ::= ID
CallExpr ::= LiteralExpr
UnaryExpr ::= CallExpr
Expr ::= UnaryExpr
LiteralExpr ::= INTEGER
CallExpr ::= LiteralExpr
UnaryExpr ::= CallExpr
Expr ::= UnaryExpr
Expr ::= Expr MINUS Expr
LiteralExpr ::= INTEGER
CallExpr ::= LiteralExpr
UnaryExpr ::= CallExpr
Expr ::= UnaryExpr
Expr ::= Expr GTE Expr
StmtList ::= 
LiteralExpr ::= ID
CallExpr ::= LiteralExpr
UnaryExpr ::= CallExpr
Expr ::= UnaryExpr
LiteralExpr ::= INTEGER
CallExpr ::= LiteralExpr
UnaryExpr ::= CallExpr
Expr ::= UnaryExpr
Expr ::= Expr MINUS Expr
Stmt ::= ID GETS Expr SEMI
StmtList ::= StmtList Stmt
LiteralExpr ::= TRUE
CallExpr ::= LiteralExpr
UnaryExpr ::= CallExpr
Expr ::= UnaryExpr
Stmt ::= ID GETS Expr SEMI
StmtList ::= StmtList Stmt
Stmt ::= LBRACE StmtList RBRACE
LiteralExpr ::= FALSE
CallExpr ::= LiteralExpr
UnaryExpr ::= CallExpr
Expr ::= UnaryExpr
Stmt ::= ID GETS Expr SEMI
Stmt ::= IF LPAREN Expr RPAREN Stmt ELSE Stmt
StmtList ::= StmtList Stmt
LiteralExpr ::= ID
CallExpr ::= LiteralExpr
UnaryExpr ::= CallExpr
Expr ::= UnaryExpr
LiteralExpr ::= INTEGER
CallExpr ::= LiteralExpr
UnaryExpr ::= CallExpr
Expr ::= UnaryExpr
Expr ::= Expr MINUS Expr
LiteralExpr ::= INTEGER
CallExpr ::= LiteralExpr
UnaryExpr ::= CallExpr
Expr ::= UnaryExpr
Expr ::= Expr GTE Expr
StmtList ::= 
LiteralExpr ::= ID
CallExpr ::= LiteralExpr
UnaryExpr ::= CallExpr
Expr ::= UnaryExpr
LiteralExpr ::= INTEGER
CallExpr ::= LiteralExpr
UnaryExpr ::= CallExpr
Expr ::= UnaryExpr
Expr ::= Expr MINUS Expr
Stmt ::= ID GETS Expr SEMI
StmtList ::= StmtList Stmt
LiteralExpr ::= TRUE
CallExpr ::= LiteralExpr
UnaryExpr ::= CallExpr
Expr ::= UnaryExpr
Stmt ::= ID GETS Expr SEMI
StmtList ::= StmtList Stmt
Stmt ::= LBRACE StmtList RBRACE
LiteralExpr ::= FALSE
CallExpr ::= LiteralExpr
UnaryExpr ::= CallExpr
Expr ::= UnaryExpr
Stmt ::= ID GETS Expr SEMI
Stmt ::= IF LPAREN Expr RPAREN Stmt ELSE Stmt
StmtList ::= StmtList Stmt
LiteralExpr ::= ID
CallExpr ::= LiteralExpr
UnaryExpr ::= CallExpr
Expr ::= UnaryExpr
LiteralExpr ::= ID
CallExpr ::= LiteralExpr
UnaryExpr ::= CallExpr
Expr ::= UnaryExpr
Expr ::= Expr AND Expr
LiteralExpr ::= ID
CallExpr ::= LiteralExpr
UnaryExpr ::= CallExpr
Expr ::= UnaryExpr
LiteralExpr ::= INTEGER
CallExpr ::= LiteralExpr
UnaryExpr ::= CallExpr
Expr ::= UnaryExpr
Expr ::= Expr PLUS Expr
Stmt ::= ID GETS Expr SEMI
LiteralExpr ::= ID
CallExpr ::= LiteralExpr
UnaryExpr ::= CallExpr
Expr ::= UnaryExpr
LiteralExpr ::= INTEGER
CallExpr ::= LiteralExpr
UnaryExpr ::= CallExpr
Expr ::= UnaryExpr
Expr ::= Expr PLUS Expr
Stmt ::= ID GETS Expr SEMI
Stmt ::= IF LPAREN Expr RPAREN Stmt ELSE Stmt
StmtList ::= StmtList Stmt
LiteralExpr ::= ID
CallExpr ::= LiteralExpr
UnaryExpr ::= CallExpr
Expr ::= UnaryExpr
MethodDecl ::= ... 
MethodDeclList ::= MethodDeclList MethodDecl
ClassDecl ::= ...
ClassDeclList ::= ClassDeclList ClassDecl
Program ::= MainClassDecl ClassDeclList
