StmtList ::= 
MainClassDecl ::= ...
ClassDeclList ::= 
OptExtends ::= EXTENDS ID
ClassVarDeclList ::= 
MethodDeclList ::= 
ClassDecl ::= ...
ClassDeclList ::= ClassDeclList ClassDecl
OptExtends ::= 
ClassVarDeclList ::= 
MethodDeclList ::= 
ClassDecl ::= ...
ClassDeclList ::= ClassDeclList ClassDecl
OptExtends ::= EXTENDS ID
ClassVarDeclList ::= 
MethodDeclList ::= 
ClassDecl ::= ...
ClassDeclList ::= ClassDeclList ClassDecl
OptExtends ::= EXTENDS ID
ClassVarDeclList ::= 
MethodDeclList ::= 
ClassDecl ::= ...
ClassDeclList ::= ClassDeclList ClassDecl
OptExtends ::= EXTENDS ID
ClassVarDeclList ::= 
MethodDeclList ::= 
ClassDecl ::= ...
ClassDeclList ::= ClassDeclList ClassDecl
OptExtends ::= EXTENDS ID
ClassVarDeclList ::= 
MethodDeclList ::= 
ClassDecl ::= ...
ClassDeclList ::= ClassDeclList ClassDecl
OptExtends ::= EXTENDS ID
ClassVarDeclList ::= 
MethodDeclList ::= 
ClassDecl ::= ...
ClassDeclList ::= ClassDeclList ClassDecl
OptExtends ::= EXTENDS ID
ClassVarDeclList ::= 
MethodDeclList ::= 
ClassDecl ::= ...
ClassDeclList ::= ClassDeclList ClassDecl
OptExtends ::= EXTENDS ID
ClassVarDeclList ::= 
MethodDeclList ::= 
ClassDecl ::= ...
ClassDeclList ::= ClassDeclList ClassDecl
OptExtends ::= EXTENDS ID
ClassVarDeclList ::= 
Type ::= INT
ClassVarDecl ::= Type ID SEMI
ClassVarDeclList ::= ClassVarDeclList ClassVarDecl
MethodDeclList ::= 
ClassDecl ::= ...
ClassDeclList ::= ClassDeclList ClassDecl
Program ::= MainClassDecl ClassDeclList
