

ERROR in line 1 and column 7: Syntax error



ERROR in line 1 and column 7: Couldn't repair and continue parse

Exception processing file: Can't recover from previous error(s)
