

ERROR in line 6 and column 9: Syntax error



ERROR in line 6 and column 9: Couldn't repair and continue parse

Exception processing file: Can't recover from previous error(s)
