StmtList ::= 
MainClassDecl ::= ...
ClassDeclList ::= 
OptExtends ::= EXTENDS ID
ClassVarDeclList ::= 
Type ::= INT
ClassVarDecl ::= Type ID SEMI
ClassVarDeclList ::= ClassVarDeclList ClassVarDecl
Type ::= BOOLEAN
ClassVarDecl ::= Type ID SEMI
ClassVarDeclList ::= ClassVarDeclList ClassVarDecl
MethodDeclList ::= 
Type ::= INT
Type ::= INT
Formal ::= Type ID
FormalList ::= Formal
OptFormalList ::= FormalList
StmtList ::= 
LiteralExpr ::= NULL
CallExpr ::= LiteralExpr
UnaryExpr ::= CallExpr
Expr ::= UnaryExpr
LiteralExpr ::= TRUE
CallExpr ::= LiteralExpr
UnaryExpr ::= CallExpr
Expr ::= UnaryExpr
Expr ::= Expr LTE Expr
LiteralExpr ::= INTEGER
CallExpr ::= LiteralExpr
UnaryExpr ::= CallExpr
UnaryExpr ::= MINUS UnaryExpr
Expr ::= UnaryExpr
Stmt ::= SYSTEMOUTPRINTLN LPAREN Expr RPAREN SEMI
StmtList ::= 
Stmt ::= LBRACE StmtList RBRACE
Stmt ::= IF LPAREN Expr RPAREN Stmt ELSE Stmt
StmtList ::= StmtList Stmt
LiteralExpr ::= THIS
CallExpr ::= LiteralExpr
UnaryExpr ::= CallExpr
Expr ::= UnaryExpr
LiteralExpr ::= FALSE
CallExpr ::= LiteralExpr
UnaryExpr ::= CallExpr
Expr ::= UnaryExpr
Expr ::= Expr AND Expr
StmtList ::= 
LiteralExpr ::= INTEGER
CallExpr ::= LiteralExpr
UnaryExpr ::= CallExpr
UnaryExpr ::= MINUS UnaryExpr
Expr ::= UnaryExpr
Stmt ::= SYSTEMOUTPRINTLN LPAREN Expr RPAREN SEMI
StmtList ::= StmtList Stmt
Stmt ::= LBRACE StmtList RBRACE
LiteralExpr ::= INTEGER
CallExpr ::= LiteralExpr
UnaryExpr ::= CallExpr
Expr ::= UnaryExpr
Stmt ::= ID GETS Expr SEMI
Stmt ::= IF LPAREN Expr RPAREN Stmt ELSE Stmt
StmtList ::= StmtList Stmt
LiteralExpr ::= ID
CallExpr ::= LiteralExpr
UnaryExpr ::= CallExpr
Expr ::= UnaryExpr
MethodDecl ::= ... 
MethodDeclList ::= MethodDeclList MethodDecl
Type ::= BOOLEAN
OptFormalList ::= 
StmtList ::= 
StmtList ::= 
Stmt ::= LBRACE StmtList RBRACE
StmtList ::= StmtList Stmt


ERROR in line 35 and column 2: Syntax error



ERROR in line 36 and column 2: Couldn't repair and continue parse

Exception processing file: Can't recover from previous error(s)
