StmtList ::= 
LiteralExpr ::= INTEGER
CallExpr ::= LiteralExpr
UnaryExpr ::= CallExpr
Expr ::= UnaryExpr
LiteralExpr ::= INTEGER
CallExpr ::= LiteralExpr
UnaryExpr ::= CallExpr
Expr ::= UnaryExpr
Expr ::= Expr PLUS Expr
Stmt ::= SYSTEMOUTPRINTLN LPAREN Expr RPAREN SEMI
StmtList ::= StmtList Stmt
MainClassDecl ::= ...
ClassDeclList ::= 
OptExtends ::= 
ClassVarDeclList ::= 
MethodDeclList ::= 
Type ::= ID
OptFormalList ::= 
StmtList ::= 
Type ::= ID
CallExpr ::= NEW ID LPAREN RPAREN
UnaryExpr ::= CallExpr
Expr ::= UnaryExpr
Stmt ::= Type ID GETS Expr SEMI
StmtList ::= StmtList Stmt
LiteralExpr ::= ID
CallExpr ::= LiteralExpr
UnaryExpr ::= CallExpr
Expr ::= UnaryExpr
MethodDecl ::= ... 
MethodDeclList ::= MethodDeclList MethodDecl
Type ::= INT
Type ::= INT
Formal ::= Type ID
FormalList ::= Formal
Type ::= INT
Formal ::= Type ID
FormalList ::= FormalList COMMA Formal
OptFormalList ::= FormalList
StmtList ::= 
LiteralExpr ::= ID
CallExpr ::= LiteralExpr
UnaryExpr ::= CallExpr
Expr ::= UnaryExpr
LiteralExpr ::= ID
CallExpr ::= LiteralExpr
UnaryExpr ::= CallExpr
UnaryExpr ::= MINUS UnaryExpr
UnaryExpr ::= MINUS UnaryExpr
UnaryExpr ::= MINUS UnaryExpr
UnaryExpr ::= MINUS UnaryExpr
UnaryExpr ::= MINUS UnaryExpr
UnaryExpr ::= MINUS UnaryExpr
UnaryExpr ::= MINUS UnaryExpr
UnaryExpr ::= MINUS UnaryExpr
UnaryExpr ::= MINUS UnaryExpr
UnaryExpr ::= MINUS UnaryExpr
UnaryExpr ::= MINUS UnaryExpr
UnaryExpr ::= MINUS UnaryExpr
UnaryExpr ::= MINUS UnaryExpr
UnaryExpr ::= MINUS UnaryExpr
Expr ::= UnaryExpr
Expr ::= Expr MINUS Expr
MethodDecl ::= ... 
MethodDeclList ::= MethodDeclList MethodDecl
ClassDecl ::= ...
ClassDeclList ::= ClassDeclList ClassDecl
Program ::= MainClassDecl ClassDeclList
