StmtList ::= 
Type ::= INT
LiteralExpr ::= INTEGER
CallExpr ::= LiteralExpr
UnaryExpr ::= CallExpr
Expr ::= UnaryExpr
LiteralExpr ::= INTEGER
CallExpr ::= LiteralExpr
UnaryExpr ::= CallExpr
Expr ::= UnaryExpr
LiteralExpr ::= INTEGER
CallExpr ::= LiteralExpr
UnaryExpr ::= CallExpr
Expr ::= UnaryExpr
Expr ::= Expr TIMES Expr
Expr ::= Expr PLUS Expr
Stmt ::= Type ID GETS Expr SEMI
StmtList ::= StmtList Stmt
LiteralExpr ::= TRUE
CallExpr ::= LiteralExpr
UnaryExpr ::= CallExpr
UnaryExpr ::= NOT UnaryExpr
Expr ::= UnaryExpr
LiteralExpr ::= ID
CallExpr ::= LiteralExpr
UnaryExpr ::= CallExpr
UnaryExpr ::= MINUS UnaryExpr
Expr ::= UnaryExpr
Stmt ::= ID GETS Expr SEMI
LiteralExpr ::= INTEGER
CallExpr ::= LiteralExpr
UnaryExpr ::= CallExpr
Expr ::= UnaryExpr
LiteralExpr ::= ID
CallExpr ::= LiteralExpr
UnaryExpr ::= CallExpr
Expr ::= UnaryExpr
ParenExpr	::=	LPAREN Expr RPAREN
LiteralExpr ::= ParenExpr
CallExpr ::= LiteralExpr
UnaryExpr ::= CallExpr
Expr ::= UnaryExpr
Expr ::= Expr TIMES Expr
Stmt ::= ID GETS Expr SEMI
Stmt ::= IF LPAREN Expr RPAREN Stmt ELSE Stmt
StmtList ::= StmtList Stmt
LiteralExpr ::= INTEGER
CallExpr ::= LiteralExpr
UnaryExpr ::= CallExpr
Expr ::= UnaryExpr
Stmt ::= SYSTEMOUTPRINTLN LPAREN Expr RPAREN SEMI
StmtList ::= StmtList Stmt
Type ::= ID
CallExpr ::= NEW ID LPAREN RPAREN
UnaryExpr ::= CallExpr
Expr ::= UnaryExpr
Stmt ::= Type ID GETS Expr SEMI
StmtList ::= StmtList Stmt
Type ::= INT
LiteralExpr ::= ID
CallExpr ::= LiteralExpr
LiteralExpr ::= FALSE
CallExpr ::= LiteralExpr
UnaryExpr ::= CallExpr
Expr ::= UnaryExpr
ExprList ::= Expr
OptExprList ::= ExprList
CallExpr ::= CallExpr DOT ID LPAREN OptExprList RPAREN
UnaryExpr ::= CallExpr
Expr ::= UnaryExpr
Stmt ::= Type ID GETS Expr SEMI
StmtList ::= StmtList Stmt
LiteralExpr ::= ID
CallExpr ::= LiteralExpr
UnaryExpr ::= CallExpr
Expr ::= UnaryExpr
Stmt ::= SYSTEMOUTPRINTLN LPAREN Expr RPAREN SEMI
StmtList ::= StmtList Stmt
MainClassDecl ::= ...
ClassDeclList ::= 
OptExtends ::= EXTENDS ID
ClassVarDeclList ::= 
Type ::= INT
ClassVarDecl ::= Type ID SEMI
ClassVarDeclList ::= ClassVarDeclList ClassVarDecl
Type ::= INT
ClassVarDecl ::= Type ID SEMI
ClassVarDeclList ::= ClassVarDeclList ClassVarDecl
Type ::= INT
ClassVarDecl ::= Type ID SEMI
ClassVarDeclList ::= ClassVarDeclList ClassVarDecl
MethodDeclList ::= 
Type ::= INT
Type ::= BOOLEAN
Formal ::= Type ID
FormalList ::= Formal
OptFormalList ::= FormalList
StmtList ::= 
StmtList ::= 
LiteralExpr ::= INTEGER
CallExpr ::= LiteralExpr
UnaryExpr ::= CallExpr
Expr ::= UnaryExpr
Stmt ::= SYSTEMOUTPRINTLN LPAREN Expr RPAREN SEMI
StmtList ::= StmtList Stmt
Stmt ::= LBRACE StmtList RBRACE
StmtList ::= StmtList Stmt
LiteralExpr ::= ID
CallExpr ::= LiteralExpr
UnaryExpr ::= CallExpr
Expr ::= UnaryExpr
LiteralExpr ::= ID
CallExpr ::= LiteralExpr
UnaryExpr ::= CallExpr
Expr ::= UnaryExpr
Stmt ::= SYSTEMOUTPRINTLN LPAREN Expr RPAREN SEMI
LiteralExpr ::= ID
CallExpr ::= LiteralExpr
UnaryExpr ::= CallExpr
Expr ::= UnaryExpr
Stmt ::= SYSTEMOUTPRINTLN LPAREN Expr RPAREN SEMI
Stmt ::= IF LPAREN Expr RPAREN Stmt ELSE Stmt
StmtList ::= StmtList Stmt
LiteralExpr ::= ID
CallExpr ::= LiteralExpr
UnaryExpr ::= CallExpr
Expr ::= UnaryExpr
MethodDecl ::= ... 
MethodDeclList ::= MethodDeclList MethodDecl
ClassDecl ::= ...
ClassDeclList ::= ClassDeclList ClassDecl
OptExtends ::= EXTENDS ID
ClassVarDeclList ::= 
Type ::= INT
ClassVarDecl ::= Type ID SEMI
ClassVarDeclList ::= ClassVarDeclList ClassVarDecl
Type ::= BOOLEAN
ClassVarDecl ::= Type ID SEMI
ClassVarDeclList ::= ClassVarDeclList ClassVarDecl
Type ::= ID
ClassVarDecl ::= Type ID SEMI
ClassVarDeclList ::= ClassVarDeclList ClassVarDecl
MethodDeclList ::= 
Type ::= ID
Type ::= INT
Formal ::= Type ID
FormalList ::= Formal
Type ::= BOOLEAN
Formal ::= Type ID
FormalList ::= FormalList COMMA Formal
OptFormalList ::= FormalList
StmtList ::= 
Type ::= ID
CallExpr ::= NEW ID LPAREN RPAREN
UnaryExpr ::= CallExpr
Expr ::= UnaryExpr
Stmt ::= Type ID GETS Expr SEMI
StmtList ::= StmtList Stmt
Type ::= INT
LiteralExpr ::= INTEGER
CallExpr ::= LiteralExpr
UnaryExpr ::= CallExpr
Expr ::= UnaryExpr
LiteralExpr ::= INTEGER
CallExpr ::= LiteralExpr
UnaryExpr ::= CallExpr
Expr ::= UnaryExpr
LiteralExpr ::= INTEGER
CallExpr ::= LiteralExpr
UnaryExpr ::= CallExpr
Expr ::= UnaryExpr
Expr ::= Expr TIMES Expr
LiteralExpr ::= INTEGER
CallExpr ::= LiteralExpr
UnaryExpr ::= CallExpr
Expr ::= UnaryExpr
Expr ::= Expr DIVIDE Expr
Expr ::= Expr PLUS Expr
Stmt ::= Type ID GETS Expr SEMI
StmtList ::= StmtList Stmt
Type ::= BOOLEAN
LiteralExpr ::= TRUE
CallExpr ::= LiteralExpr
UnaryExpr ::= CallExpr
Expr ::= UnaryExpr
LiteralExpr ::= FALSE
CallExpr ::= LiteralExpr
UnaryExpr ::= CallExpr
Expr ::= UnaryExpr
Expr ::= Expr OR Expr
LiteralExpr ::= TRUE
CallExpr ::= LiteralExpr
UnaryExpr ::= CallExpr
Expr ::= UnaryExpr
LiteralExpr ::= FALSE
CallExpr ::= LiteralExpr
UnaryExpr ::= CallExpr
Expr ::= UnaryExpr
Expr ::= Expr AND Expr
LiteralExpr ::= FALSE
CallExpr ::= LiteralExpr
UnaryExpr ::= CallExpr
UnaryExpr ::= NOT UnaryExpr
Expr ::= UnaryExpr
LiteralExpr ::= TRUE
CallExpr ::= LiteralExpr
UnaryExpr ::= CallExpr
UnaryExpr ::= NOT UnaryExpr
Expr ::= UnaryExpr
Expr ::= Expr EQ Expr
Expr ::= Expr AND Expr
LiteralExpr ::= INTEGER
CallExpr ::= LiteralExpr
UnaryExpr ::= CallExpr
Expr ::= UnaryExpr
LiteralExpr ::= INTEGER
CallExpr ::= LiteralExpr
UnaryExpr ::= CallExpr
Expr ::= UnaryExpr
Expr ::= Expr GT Expr
Expr ::= Expr AND Expr
Expr ::= Expr OR Expr
LiteralExpr ::= INTEGER
CallExpr ::= LiteralExpr
UnaryExpr ::= CallExpr
Expr ::= UnaryExpr
LiteralExpr ::= INTEGER
CallExpr ::= LiteralExpr
UnaryExpr ::= CallExpr
Expr ::= UnaryExpr
Expr ::= Expr NE Expr
Expr ::= Expr OR Expr
Stmt ::= Type ID GETS Expr SEMI
StmtList ::= StmtList Stmt
LiteralExpr ::= ID
CallExpr ::= LiteralExpr
UnaryExpr ::= CallExpr
Expr ::= UnaryExpr
MethodDecl ::= ... 
MethodDeclList ::= MethodDeclList MethodDecl
Type ::= INT
Type ::= BOOLEAN
Formal ::= Type ID
FormalList ::= Formal
OptFormalList ::= FormalList
StmtList ::= 
LiteralExpr ::= FALSE
CallExpr ::= LiteralExpr
UnaryExpr ::= CallExpr
Expr ::= UnaryExpr
Stmt ::= ID GETS Expr SEMI
StmtList ::= StmtList Stmt
LiteralExpr ::= INTEGER
CallExpr ::= LiteralExpr
UnaryExpr ::= CallExpr
Expr ::= UnaryExpr
Stmt ::= ID GETS Expr SEMI
StmtList ::= StmtList Stmt
LiteralExpr ::= ID
CallExpr ::= LiteralExpr
UnaryExpr ::= CallExpr
UnaryExpr ::= NOT UnaryExpr
Expr ::= UnaryExpr
StmtList ::= 
LiteralExpr ::= ID
CallExpr ::= LiteralExpr
UnaryExpr ::= CallExpr
Expr ::= UnaryExpr
LiteralExpr ::= INTEGER
CallExpr ::= LiteralExpr
UnaryExpr ::= CallExpr
Expr ::= UnaryExpr
Expr ::= Expr PLUS Expr
Stmt ::= ID GETS Expr SEMI
StmtList ::= StmtList Stmt
LiteralExpr ::= ID
CallExpr ::= LiteralExpr
UnaryExpr ::= CallExpr
Expr ::= UnaryExpr
LiteralExpr ::= INTEGER
CallExpr ::= LiteralExpr
UnaryExpr ::= CallExpr
Expr ::= UnaryExpr
Expr ::= Expr EQ Expr
LiteralExpr ::= TRUE
CallExpr ::= LiteralExpr
UnaryExpr ::= CallExpr
Expr ::= UnaryExpr
Stmt ::= ID GETS Expr SEMI
LiteralExpr ::= FALSE
CallExpr ::= LiteralExpr
UnaryExpr ::= CallExpr
Expr ::= UnaryExpr
Stmt ::= ID GETS Expr SEMI
Stmt ::= IF LPAREN Expr RPAREN Stmt ELSE Stmt
StmtList ::= StmtList Stmt
LiteralExpr ::= ID
CallExpr ::= LiteralExpr
UnaryExpr ::= CallExpr
Expr ::= UnaryExpr
Stmt ::= SYSTEMOUTPRINTLN LPAREN Expr RPAREN SEMI
StmtList ::= StmtList Stmt
LiteralExpr ::= ID
CallExpr ::= LiteralExpr
UnaryExpr ::= CallExpr
Expr ::= UnaryExpr
Stmt ::= SYSTEMOUTPRINTLN LPAREN Expr RPAREN SEMI
StmtList ::= StmtList Stmt
Stmt ::= LBRACE StmtList RBRACE
Stmt ::= WHILE LPAREN Expr RPAREN Stmt
StmtList ::= StmtList Stmt
LiteralExpr ::= ID
CallExpr ::= LiteralExpr
UnaryExpr ::= CallExpr
Expr ::= UnaryExpr
MethodDecl ::= ... 
MethodDeclList ::= MethodDeclList MethodDecl
Type ::= BOOLEAN
Type ::= INT
Formal ::= Type ID
FormalList ::= Formal
Type ::= INT
Formal ::= Type ID
FormalList ::= FormalList COMMA Formal
OptFormalList ::= FormalList
StmtList ::= 
LiteralExpr ::= ID
CallExpr ::= LiteralExpr
UnaryExpr ::= CallExpr
Expr ::= UnaryExpr
LiteralExpr ::= ID
CallExpr ::= LiteralExpr
UnaryExpr ::= CallExpr
Expr ::= UnaryExpr
LiteralExpr ::= INTEGER
CallExpr ::= LiteralExpr
UnaryExpr ::= CallExpr
Expr ::= UnaryExpr
Expr ::= Expr TIMES Expr
ParenExpr	::=	LPAREN Expr RPAREN
LiteralExpr ::= ParenExpr
CallExpr ::= LiteralExpr
UnaryExpr ::= CallExpr
Expr ::= UnaryExpr
Expr ::= Expr EQ Expr
MethodDecl ::= ... 
MethodDeclList ::= MethodDeclList MethodDecl
Type ::= ID
OptFormalList ::= 
StmtList ::= 
LiteralExpr ::= THIS
CallExpr ::= LiteralExpr
UnaryExpr ::= CallExpr
Expr ::= UnaryExpr
MethodDecl ::= ... 
MethodDeclList ::= MethodDeclList MethodDecl
Type ::= BOOLEAN
OptFormalList ::= 
StmtList ::= 
LiteralExpr ::= THIS
CallExpr ::= LiteralExpr
LiteralExpr ::= INTEGER
CallExpr ::= LiteralExpr
UnaryExpr ::= CallExpr
Expr ::= UnaryExpr
ExprList ::= Expr
LiteralExpr ::= INTEGER
CallExpr ::= LiteralExpr
UnaryExpr ::= CallExpr
Expr ::= UnaryExpr
ExprList ::= ExprList COMMA Expr
OptExprList ::= ExprList
CallExpr ::= CallExpr DOT ID LPAREN OptExprList RPAREN
UnaryExpr ::= CallExpr
Expr ::= UnaryExpr
MethodDecl ::= ... 
MethodDeclList ::= MethodDeclList MethodDecl
ClassDecl ::= ...
ClassDeclList ::= ClassDeclList ClassDecl
Program ::= MainClassDecl ClassDeclList
