StmtList ::= 
Type ::= INT
LiteralExpr ::= INTEGER
CallExpr ::= LiteralExpr
UnaryExpr ::= CallExpr
Expr ::= UnaryExpr
LiteralExpr ::= INTEGER
CallExpr ::= LiteralExpr
UnaryExpr ::= CallExpr
Expr ::= UnaryExpr
Expr ::= Expr PLUS Expr
ParenExpr	::=	LPAREN Expr RPAREN
LiteralExpr ::= ParenExpr
CallExpr ::= LiteralExpr
UnaryExpr ::= CallExpr
Expr ::= UnaryExpr
LiteralExpr ::= ID
CallExpr ::= LiteralExpr
UnaryExpr ::= CallExpr
Expr ::= UnaryExpr
Expr ::= Expr DIVIDE Expr
LiteralExpr ::= INTEGER
CallExpr ::= LiteralExpr
UnaryExpr ::= CallExpr
UnaryExpr ::= NOT UnaryExpr
Expr ::= UnaryExpr
Expr ::= Expr MINUS Expr
LiteralExpr ::= INTEGER
CallExpr ::= LiteralExpr
UnaryExpr ::= CallExpr
Expr ::= UnaryExpr
Expr ::= Expr PLUS Expr
LiteralExpr ::= ID
CallExpr ::= LiteralExpr
UnaryExpr ::= CallExpr
Expr ::= UnaryExpr
LiteralExpr ::= INTEGER
CallExpr ::= LiteralExpr
UnaryExpr ::= CallExpr
Expr ::= UnaryExpr
Expr ::= Expr PLUS Expr
LiteralExpr ::= ID
CallExpr ::= LiteralExpr
UnaryExpr ::= CallExpr
Expr ::= UnaryExpr
LiteralExpr ::= INTEGER
CallExpr ::= LiteralExpr
UnaryExpr ::= CallExpr
Expr ::= UnaryExpr
Expr ::= Expr PLUS Expr
ParenExpr	::=	LPAREN Expr RPAREN
LiteralExpr ::= ParenExpr
CallExpr ::= LiteralExpr
UnaryExpr ::= CallExpr
Expr ::= UnaryExpr
LiteralExpr ::= INTEGER
CallExpr ::= LiteralExpr
UnaryExpr ::= CallExpr
Expr ::= UnaryExpr
Expr ::= Expr DIVIDE Expr
Expr ::= Expr PLUS Expr
LiteralExpr ::= ID
CallExpr ::= LiteralExpr
OptExprList ::=
CallExpr ::= CallExpr DOT ID LPAREN OptExprList RPAREN
LiteralExpr ::= INTEGER
CallExpr ::= LiteralExpr
UnaryExpr ::= CallExpr
Expr ::= UnaryExpr
ExprList ::= Expr
OptExprList ::= ExprList
CallExpr ::= CallExpr DOT ID LPAREN OptExprList RPAREN
OptExprList ::=
CallExpr ::= CallExpr DOT ID LPAREN OptExprList RPAREN
UnaryExpr ::= CallExpr
Expr ::= UnaryExpr
Expr ::= Expr PLUS Expr
LiteralExpr ::= INTEGER
CallExpr ::= LiteralExpr
UnaryExpr ::= CallExpr
UnaryExpr ::= MINUS UnaryExpr
Expr ::= UnaryExpr
Expr ::= Expr PLUS Expr
CallExpr ::= NEW ID LPAREN RPAREN
OptExprList ::=
CallExpr ::= CallExpr DOT ID LPAREN OptExprList RPAREN
UnaryExpr ::= CallExpr
Expr ::= UnaryExpr
CallExpr ::= NEW ID LPAREN RPAREN
UnaryExpr ::= CallExpr
Expr ::= UnaryExpr
Expr ::= Expr PLUS Expr
LiteralExpr ::= THIS
CallExpr ::= LiteralExpr
UnaryExpr ::= CallExpr
Expr ::= UnaryExpr
ParenExpr	::=	LPAREN Expr RPAREN
LiteralExpr ::= ParenExpr
CallExpr ::= LiteralExpr
UnaryExpr ::= CallExpr
UnaryExpr ::= NOT UnaryExpr
Expr ::= UnaryExpr
Expr ::= Expr PLUS Expr
Expr ::= Expr AND Expr
LiteralExpr ::= NULL
CallExpr ::= LiteralExpr
UnaryExpr ::= CallExpr
Expr ::= UnaryExpr
LiteralExpr ::= FALSE
CallExpr ::= LiteralExpr
UnaryExpr ::= CallExpr
Expr ::= UnaryExpr
Expr ::= Expr DIVIDE Expr
LiteralExpr ::= TRUE
CallExpr ::= LiteralExpr
UnaryExpr ::= CallExpr
Expr ::= UnaryExpr
Expr ::= Expr TIMES Expr
Expr ::= Expr AND Expr
Expr ::= Expr OR Expr
Stmt ::= Type ID GETS Expr SEMI
StmtList ::= StmtList Stmt
LiteralExpr ::= ID
CallExpr ::= LiteralExpr
UnaryExpr ::= CallExpr
Expr ::= UnaryExpr
Stmt ::= SYSTEMOUTPRINTLN LPAREN Expr RPAREN SEMI
StmtList ::= StmtList Stmt
MainClassDecl ::= ...
ClassDeclList ::= 
Program ::= MainClassDecl ClassDeclList
