StmtList ::= 
Type ::= INT
LiteralExpr ::= INTEGER
CallExpr ::= LiteralExpr
UnaryExpr ::= CallExpr
Expr ::= UnaryExpr
Stmt ::= Type ID GETS Expr SEMI
StmtList ::= StmtList Stmt
Type ::= INT
LiteralExpr ::= INTEGER
CallExpr ::= LiteralExpr
UnaryExpr ::= CallExpr
Expr ::= UnaryExpr
Stmt ::= Type ID GETS Expr SEMI
StmtList ::= StmtList Stmt
Type ::= ID
CallExpr ::= NEW ID LPAREN RPAREN
UnaryExpr ::= CallExpr
Expr ::= UnaryExpr
Stmt ::= Type ID GETS Expr SEMI
StmtList ::= StmtList Stmt


ERROR in line 15 and column 6: Syntax error

Error recovery to next semicolon.
StmtList ::= StmtList Stmt
LiteralExpr ::= ID
CallExpr ::= LiteralExpr
OptExprList ::=
CallExpr ::= CallExpr DOT ID LPAREN OptExprList RPAREN
UnaryExpr ::= CallExpr
Expr ::= UnaryExpr
Stmt ::= SYSTEMOUTPRINTLN LPAREN Expr RPAREN SEMI
StmtList ::= StmtList Stmt
LiteralExpr ::= ID
CallExpr ::= LiteralExpr
OptExprList ::=
CallExpr ::= CallExpr DOT ID LPAREN OptExprList RPAREN
UnaryExpr ::= CallExpr
Expr ::= UnaryExpr
Stmt ::= SYSTEMOUTPRINTLN LPAREN Expr RPAREN SEMI
StmtList ::= StmtList Stmt
MainClassDecl ::= ...
ClassDeclList ::= 
OptExtends ::= 
ClassVarDeclList ::= 
Type ::= INT
ClassVarDecl ::= Type ID SEMI
ClassVarDeclList ::= ClassVarDeclList ClassVarDecl
Type ::= INT
ClassVarDecl ::= Type ID SEMI
ClassVarDeclList ::= ClassVarDeclList ClassVarDecl
MethodDeclList ::= 
Type ::= INT
Type ::= INT
Formal ::= Type ID
FormalList ::= Formal
Type ::= INT
Formal ::= Type ID
FormalList ::= FormalList COMMA Formal
OptFormalList ::= FormalList
StmtList ::= 
LiteralExpr ::= ID
CallExpr ::= LiteralExpr
UnaryExpr ::= CallExpr
Expr ::= UnaryExpr
Stmt ::= ID GETS Expr SEMI
StmtList ::= StmtList Stmt
LiteralExpr ::= ID
CallExpr ::= LiteralExpr
UnaryExpr ::= CallExpr
Expr ::= UnaryExpr
Stmt ::= ID GETS Expr SEMI
StmtList ::= StmtList Stmt
LiteralExpr ::= INTEGER
CallExpr ::= LiteralExpr
UnaryExpr ::= CallExpr
Expr ::= UnaryExpr
MethodDecl ::= ... 
MethodDeclList ::= MethodDeclList MethodDecl
Type ::= INT
OptFormalList ::= 
StmtList ::= 
Type ::= INT
LiteralExpr ::= INTEGER
CallExpr ::= LiteralExpr
UnaryExpr ::= CallExpr
UnaryExpr ::= MINUS UnaryExpr
Expr ::= UnaryExpr
Stmt ::= Type ID GETS Expr SEMI
StmtList ::= StmtList Stmt
LiteralExpr ::= ID
CallExpr ::= LiteralExpr
UnaryExpr ::= CallExpr
Expr ::= UnaryExpr
LiteralExpr ::= INTEGER
CallExpr ::= LiteralExpr
UnaryExpr ::= CallExpr
Expr ::= UnaryExpr
Expr ::= Expr EQ Expr
LiteralExpr ::= ID
CallExpr ::= LiteralExpr
UnaryExpr ::= CallExpr
Expr ::= UnaryExpr
Stmt ::= ID GETS Expr SEMI
StmtList ::= 
Type ::= INT
LiteralExpr ::= ID
CallExpr ::= LiteralExpr
UnaryExpr ::= CallExpr
Expr ::= UnaryExpr
Stmt ::= Type ID GETS Expr SEMI
StmtList ::= StmtList Stmt
Type ::= INT
LiteralExpr ::= ID
CallExpr ::= LiteralExpr
UnaryExpr ::= CallExpr
Expr ::= UnaryExpr
Stmt ::= Type ID GETS Expr SEMI
StmtList ::= StmtList Stmt


ERROR in line 41 and column 11: Syntax error

Error recovery to next semicolon.
StmtList ::= StmtList Stmt
LiteralExpr ::= ID
CallExpr ::= LiteralExpr
UnaryExpr ::= CallExpr
Expr ::= UnaryExpr
Stmt ::= ID GETS Expr SEMI
StmtList ::= StmtList Stmt


ERROR in line 44 and column 23: Syntax error

Error recovery to next semicolon.
StmtList ::= StmtList Stmt
LiteralExpr ::= ID
CallExpr ::= LiteralExpr
UnaryExpr ::= CallExpr
Expr ::= UnaryExpr
Stmt ::= ID GETS Expr SEMI
StmtList ::= StmtList Stmt
LiteralExpr ::= ID
CallExpr ::= LiteralExpr
UnaryExpr ::= CallExpr
Expr ::= UnaryExpr
Stmt ::= ID GETS Expr SEMI
StmtList ::= StmtList Stmt
Stmt ::= LBRACE StmtList RBRACE
Stmt ::= IF LPAREN Expr RPAREN Stmt ELSE Stmt
StmtList ::= StmtList Stmt
LiteralExpr ::= ID
CallExpr ::= LiteralExpr
UnaryExpr ::= CallExpr
Expr ::= UnaryExpr
MethodDecl ::= ... 
MethodDeclList ::= MethodDeclList MethodDecl
Type ::= INT
Type ::= INT
Formal ::= Type ID
FormalList ::= Formal
Type ::= INT
Formal ::= Type ID
FormalList ::= FormalList COMMA Formal
OptFormalList ::= FormalList
StmtList ::= 
StmtList ::= 
StmtList ::= 
StmtList ::= 
StmtList ::= 
StmtList ::= 
StmtList ::= 
StmtList ::= 
StmtList ::= 
StmtList ::= 
StmtList ::= 
StmtList ::= 
StmtList ::= 
StmtList ::= 
StmtList ::= 
StmtList ::= 
StmtList ::= 
StmtList ::= 
StmtList ::= 
StmtList ::= 


ERROR in line 57 and column 23: Syntax error

Error recovery to next semicolon.
StmtList ::= StmtList Stmt
Stmt ::= LBRACE StmtList RBRACE
StmtList ::= StmtList Stmt
Stmt ::= LBRACE StmtList RBRACE
StmtList ::= StmtList Stmt
Stmt ::= LBRACE StmtList RBRACE
StmtList ::= StmtList Stmt
Stmt ::= LBRACE StmtList RBRACE
StmtList ::= StmtList Stmt
Stmt ::= LBRACE StmtList RBRACE
StmtList ::= StmtList Stmt
Stmt ::= LBRACE StmtList RBRACE
StmtList ::= StmtList Stmt
Stmt ::= LBRACE StmtList RBRACE
StmtList ::= StmtList Stmt
Stmt ::= LBRACE StmtList RBRACE
StmtList ::= StmtList Stmt
Stmt ::= LBRACE StmtList RBRACE
StmtList ::= StmtList Stmt
Stmt ::= LBRACE StmtList RBRACE
StmtList ::= StmtList Stmt
Stmt ::= LBRACE StmtList RBRACE
StmtList ::= StmtList Stmt
Stmt ::= LBRACE StmtList RBRACE
StmtList ::= StmtList Stmt
Stmt ::= LBRACE StmtList RBRACE
StmtList ::= StmtList Stmt
Stmt ::= LBRACE StmtList RBRACE
StmtList ::= StmtList Stmt
Stmt ::= LBRACE StmtList RBRACE
StmtList ::= StmtList Stmt
Stmt ::= LBRACE StmtList RBRACE
StmtList ::= StmtList Stmt
Stmt ::= LBRACE StmtList RBRACE
StmtList ::= StmtList Stmt
Stmt ::= LBRACE StmtList RBRACE
StmtList ::= StmtList Stmt
Stmt ::= LBRACE StmtList RBRACE
StmtList ::= StmtList Stmt


ERROR in line 59 and column 20: Syntax error

Error recovery to next semicolon.
StmtList ::= StmtList Stmt


ERROR in line 65 and column 11: Syntax error

Error recovery to next semicolon.
StmtList ::= StmtList Stmt
LiteralExpr ::= ID
CallExpr ::= LiteralExpr
UnaryExpr ::= CallExpr
UnaryExpr ::= MINUS UnaryExpr
Expr ::= UnaryExpr
ParenExpr	::=	LPAREN Expr RPAREN
LiteralExpr ::= ParenExpr
CallExpr ::= LiteralExpr
UnaryExpr ::= CallExpr
UnaryExpr ::= MINUS UnaryExpr
Expr ::= UnaryExpr
Stmt ::= ID GETS Expr SEMI
StmtList ::= StmtList Stmt


ERROR in line 67 and column 3: Syntax error



ERROR in line 71 and column 2: Couldn't repair and continue parse

Exception processing file: Can't recover from previous error(s)
