StmtList ::= 
Type ::= ID
CallExpr ::= NEW ID LPAREN RPAREN
UnaryExpr ::= CallExpr
Expr ::= UnaryExpr
Stmt ::= Type ID GETS Expr SEMI
StmtList ::= StmtList Stmt
Type ::= INT
LiteralExpr ::= INTEGER
CallExpr ::= LiteralExpr
UnaryExpr ::= CallExpr
Expr ::= UnaryExpr
Stmt ::= Type ID GETS Expr SEMI
StmtList ::= StmtList Stmt
LiteralExpr ::= ID
CallExpr ::= LiteralExpr
UnaryExpr ::= CallExpr
Expr ::= UnaryExpr
LiteralExpr ::= INTEGER
CallExpr ::= LiteralExpr
UnaryExpr ::= CallExpr
Expr ::= UnaryExpr
Expr ::= Expr GT Expr
LiteralExpr ::= ID
CallExpr ::= LiteralExpr
LiteralExpr ::= ID
CallExpr ::= LiteralExpr
UnaryExpr ::= CallExpr
Expr ::= UnaryExpr
ExprList ::= Expr
OptExprList ::= ExprList
CallExpr ::= CallExpr DOT ID LPAREN OptExprList RPAREN
UnaryExpr ::= CallExpr
Expr ::= UnaryExpr
Stmt ::= SYSTEMOUTPRINTLN LPAREN Expr RPAREN SEMI
Stmt ::= WHILE LPAREN Expr RPAREN Stmt
StmtList ::= StmtList Stmt
MainClassDecl ::= ...
ClassDeclList ::= 
OptExtends ::= 
ClassVarDeclList ::= 
Type ::= INT
ClassVarDecl ::= Type ID SEMI
ClassVarDeclList ::= ClassVarDeclList ClassVarDecl
Type ::= INT
ClassVarDecl ::= Type ID SEMI
ClassVarDeclList ::= ClassVarDeclList ClassVarDecl
MethodDeclList ::= 
Type ::= INT
Type ::= INT
Formal ::= Type ID
FormalList ::= Formal
OptFormalList ::= FormalList
StmtList ::= 
Type ::= INT
LiteralExpr ::= INTEGER
CallExpr ::= LiteralExpr
UnaryExpr ::= CallExpr
Expr ::= UnaryExpr
Stmt ::= Type ID GETS Expr SEMI
StmtList ::= StmtList Stmt
LiteralExpr ::= ID
CallExpr ::= LiteralExpr
UnaryExpr ::= CallExpr
Expr ::= UnaryExpr
LiteralExpr ::= INTEGER
CallExpr ::= LiteralExpr
UnaryExpr ::= CallExpr
Expr ::= UnaryExpr
Expr ::= Expr LTE Expr
LiteralExpr ::= ID
CallExpr ::= LiteralExpr
UnaryExpr ::= CallExpr
Expr ::= UnaryExpr
Stmt ::= ID GETS Expr SEMI
LiteralExpr ::= ID
CallExpr ::= LiteralExpr
UnaryExpr ::= CallExpr
Expr ::= UnaryExpr
LiteralExpr ::= THIS
CallExpr ::= LiteralExpr
LiteralExpr ::= ID
CallExpr ::= LiteralExpr
UnaryExpr ::= CallExpr
Expr ::= UnaryExpr
LiteralExpr ::= INTEGER
CallExpr ::= LiteralExpr
UnaryExpr ::= CallExpr
Expr ::= UnaryExpr
Expr ::= Expr MINUS Expr
ExprList ::= Expr
OptExprList ::= ExprList
CallExpr ::= CallExpr DOT ID LPAREN OptExprList RPAREN
UnaryExpr ::= CallExpr
Expr ::= UnaryExpr
Expr ::= Expr TIMES Expr
Stmt ::= ID GETS Expr SEMI
Stmt ::= IF LPAREN Expr RPAREN Stmt ELSE Stmt
StmtList ::= StmtList Stmt
Type ::= ID
CallExpr ::= NEW ID LPAREN RPAREN
UnaryExpr ::= CallExpr
Expr ::= UnaryExpr
Stmt ::= Type ID GETS Expr SEMI
StmtList ::= StmtList Stmt
LiteralExpr ::= ID
CallExpr ::= LiteralExpr
LiteralExpr ::= ID
CallExpr ::= LiteralExpr
UnaryExpr ::= CallExpr
Expr ::= UnaryExpr
ExprList ::= Expr
LiteralExpr ::= ID
CallExpr ::= LiteralExpr
UnaryExpr ::= CallExpr
Expr ::= UnaryExpr
ExprList ::= ExprList COMMA Expr
OptExprList ::= ExprList
CallExpr ::= CallExpr DOT ID LPAREN OptExprList RPAREN
UnaryExpr ::= CallExpr
Expr ::= UnaryExpr
Stmt ::= SYSTEMOUTPRINTLN LPAREN Expr RPAREN SEMI
StmtList ::= StmtList Stmt
LiteralExpr ::= ID
CallExpr ::= LiteralExpr
UnaryExpr ::= CallExpr
Expr ::= UnaryExpr
MethodDecl ::= ... 
MethodDeclList ::= MethodDeclList MethodDecl
Type ::= BOOLEAN
OptFormalList ::= 
StmtList ::= 
LiteralExpr ::= TRUE
CallExpr ::= LiteralExpr
UnaryExpr ::= CallExpr
Expr ::= UnaryExpr
LiteralExpr ::= FALSE
CallExpr ::= LiteralExpr
UnaryExpr ::= CallExpr
Expr ::= UnaryExpr
Expr ::= Expr EQ Expr
MethodDecl ::= ... 
MethodDeclList ::= MethodDeclList MethodDecl
ClassDecl ::= ...
ClassDeclList ::= ClassDeclList ClassDecl
OptExtends ::= 
ClassVarDeclList ::= 
MethodDeclList ::= 
Type ::= INT
Type ::= INT
Formal ::= Type ID
FormalList ::= Formal
Type ::= INT
Formal ::= Type ID
FormalList ::= FormalList COMMA Formal
OptFormalList ::= FormalList
StmtList ::= 
LiteralExpr ::= ID
CallExpr ::= LiteralExpr
UnaryExpr ::= CallExpr
Expr ::= UnaryExpr
LiteralExpr ::= ID
CallExpr ::= LiteralExpr
UnaryExpr ::= CallExpr
Expr ::= UnaryExpr
LiteralExpr ::= ID
CallExpr ::= LiteralExpr
UnaryExpr ::= CallExpr
Expr ::= UnaryExpr
Expr ::= Expr DIVIDE Expr
LiteralExpr ::= ID
CallExpr ::= LiteralExpr
UnaryExpr ::= CallExpr
Expr ::= UnaryExpr
Expr ::= Expr TIMES Expr
Expr ::= Expr MINUS Expr
MethodDecl ::= ... 
MethodDeclList ::= MethodDeclList MethodDecl
ClassDecl ::= ...
ClassDeclList ::= ClassDeclList ClassDecl
OptExtends ::= 
ClassVarDeclList ::= 
MethodDeclList ::= 
ClassDecl ::= ...
ClassDeclList ::= ClassDeclList ClassDecl
OptExtends ::= EXTENDS ID
ClassVarDeclList ::= 
MethodDeclList ::= 
ClassDecl ::= ...
ClassDeclList ::= ClassDeclList ClassDecl
Program ::= MainClassDecl ClassDeclList
